MPASM  5.49                   RAPIDOMETRO.ASM   6-17-2018  15:03:02         PAGE  1


LOC  OBJECT CODE     LINE SOURCE TEXT
  VALUE

                      00001 ;************************************************************
                      00002 ;*                              INSTITUTO POLITECNICO NACIONAL                          *
                      00003 ;*                      Unidad Profesional Interdisciplinara De                 *
                      00004 ;*                        Ingenieria Y Tecnologías Avanzadas                    *
                      00005 ;*                                                                                                      
                                            *
                      00006 ;*                                                                                                      
                                            *
                      00007 ;*                      Programacion De Sistemas En Tiempo Real                 *
                      00008 ;*                                                                                                      
                                            *
                      00009 ;*              Fecha: 15 de abril del 2018                                                     *       
                      00010 ;*                                                                                                      
                                            *
                      00011 ;*              Ramírez López Jesús Alberto                                                     *
                      00012 ;*              Zoza Tejeda Nicole Denisse                                                      *
                      00013 ;*              Becerril Ortega Saul                                                            *
                      00014 ;*                                                                                                      
                                            *
                      00015 ;*              PROGRAMA:ODOMETRO                                                                       
                            *
                      00016 ;*              PARA: MICROCONTROLADOR PIC16F887                                        *
                      00017 ;*              ENSAMBLADO EN: MPLAB For Windows                                        *
                      00018 ;************************************************************
                      00019                         PROCESSOR 16F887
                      00020                         INCLUDE <P16F887.inc>
                      00001         LIST
                      00002 
                      00003 ;==========================================================================
                      00004 ;  MPASM PIC16F887 processor include
                      00005 ; 
                      00006 ;  (c) Copyright 1999-2013 Microchip Technology, All rights reserved
                      00007 ;==========================================================================
                      00008 
                      00809         LIST
2007   2BE2           00021                         __CONFIG 0X2007,0X2BE2
2008   3FFF           00022                         __CONFIG 0X2008,0X3FFF
                      00023                         CBLOCK          0X70
  00000070            00024                         W_R, ST_R,PC_R
                      00025                         ENDC
                      00026 
                      00027                         ORG             0X00
0000   2???           00028                         GOTO            INICIO
                      00029                         ORG                     0X04
                      00030                         INCLUDE         <rescate.asm>
0004   00F0           00001                         MOVWF           W_R
0005   0E03           00002                         SWAPF           STATUS,W
0006   00F1           00003                         MOVWF           ST_R
0007   0183           00004                         CLRF            STATUS
0008   080A           00005                         MOVF            PCLATH,W
0009   00F2           00006                         MOVWF           PC_R
000A   2???           00031                         GOTO            RSI
                      00032                         INCLUDE         <TABLA7SEG.ASM>
MPASM  5.49                   RAPIDOMETRO.ASM   6-17-2018  15:03:02         PAGE  2


LOC  OBJECT CODE     LINE SOURCE TEXT
  VALUE

000B   0782           00001 A_ASCII         ADDWF           PCL,F
000C   3430           00002                         RETLW           '0'
000D   3431           00003                         RETLW           '1'
000E   3432           00004                         RETLW           '2'
000F   3433           00005                         RETLW           '3'
0010   3434           00006                         RETLW           '4'
0011   3435           00007                         RETLW           '5'
0012   3436           00008                         RETLW           '6'
0013   3437           00009                         RETLW           '7'
0014   3438           00010                         RETLW           '8'
0015   3439           00011                         RETLW           '9'
                      00033                         INCLUDE         <SUBS_TIEMPO.ASM>
0016   0000           00001 ST1V:                   NOP
0017   0000           00002                 NOP
0018   0000           00003                 NOP
0019   0BE0           00004                 DECFSZ      0X60,F
001A   2???           00005                 GOTO        ST1V
001B   0008           00006                 RETURN
                      00007 ;+++++++++++++++++++++++++++++++++++++++
001C   0862           00008 ST2V:                   MOVF            0X62,W
001D   00E3           00009                                 MOVWF           0X63
001E   0000           00010 DECRE2V                 NOP
001F   0000           00011                 NOP
0020   0000           00012                 NOP
0021   0BE3           00013                 DECFSZ      0X63,F
0022   2???           00014                 GOTO        DECRE2V
0023   0BE1           00015                                 DECFSZ          0X61,F
0024   2???           00016                                 GOTO            ST2V
0025   0008           00017                 RETURN
                      00018 ;++++++++++++++++++++++++++++++++++++++++
0026   0866           00019 ST3V:                   MOVF            0X66,W
0027   00E7           00020                                 MOVWF           0X67
0028   0865           00021 RECARGA3V:              MOVF            0X65,W
0029   00E8           00022                                 MOVWF           0X68
002A   0000           00023 DECRE3V:                NOP
002B   0000           00024                 NOP
002C   0000           00025                 NOP
002D   0BE8           00026                 DECFSZ      0X68,F
002E   2???           00027                 GOTO        DECRE3V
002F   0BE7           00028                                 DECFSZ          0X67,F
0030   2???           00029                                 GOTO            RECARGA3V
0031   0BE4           00030                                 DECFSZ          0X64,F
0032   2???           00031                                 GOTO            ST3V
0033   0008           00032                 RETURN
                      00033 ;++++++++++++++++++++++++++++++++++++++++++++                
                      00034             
                      00034 
0034   0185           00035 INICIO          CLRF            PORTA
0035   0186           00036                         CLRF            PORTB   
0036   1683           00037                         BSF                     STATUS,RP0      ;BANCO1
Message[302]: Register in operand not in bank 0.  Ensure that bank bits are correct.
0037   0188           00038                         CLRF            TRISD
Message[302]: Register in operand not in bank 0.  Ensure that bank bits are correct.
MPASM  5.49                   RAPIDOMETRO.ASM   6-17-2018  15:03:02         PAGE  3


LOC  OBJECT CODE     LINE SOURCE TEXT
  VALUE

0038   0187           00039                         CLRF            TRISC
0039   3087           00040                         MOVLW           0X87
Message[302]: Register in operand not in bank 0.  Ensure that bank bits are correct.
003A   0081           00041                         MOVWF           OPTION_REG
003B   1703           00042                         BSF                     STATUS,RP1      ;BANCO3
Message[302]: Register in operand not in bank 0.  Ensure that bank bits are correct.
003C   0188           00043                         CLRF            ANSEL
Message[302]: Register in operand not in bank 0.  Ensure that bank bits are correct.
003D   0189           00044                         CLRF            ANSELH  
003E   1303           00045                         BCF                     STATUS,RP1
003F   1283           00046                         BCF                     STATUS,RP0      ;BANCO0
                      00047 ;****************************************************************
0040   2???           00048                         CALL            LCD_INI
0041   2???           00049                         CALL            TEXTORP
0042   01A3           00050                         CLRF            0X23
0043   01A4           00051                         CLRF            0X24
0044   01A5           00052                         CLRF            0X25
0045   01A6           00053                         CLRF            0X26
0046   01A7           00054                         CLRF            0X27
0047   01A8           00055                         CLRF            0X28
0048   01A9           00056                         CLRF            0X29
                      00057 
0049   2???           00058                         CALL            BOTON_IN
004A   303D           00059                         MOVLW           .61
004B   0081           00060                         MOVWF           TMR0
004C   110B           00061                         BCF                     INTCON,T0IF
004D   168B           00062                         BSF                     INTCON,T0IE
004E   178B           00063                         BSF                     INTCON,GIE
                      00064 
004F   301A           00065 RECARGA1        MOVLW           .26                     ;COMPENSACION
0050   00A2           00066                         MOVWF           0X22
0051   3002           00067 RECARGA2        MOVLW           .2                      ;NUMERO DE DETECCIONES QUE EQUIVALEN A 1METRO
0052   00A1           00068                         MOVWF           0X21
                      00069                         
0053   2???           00070 DETECCION       CALL            TIEMPOACT
0054   2???           00071                         CALL            REBOTE
0055   1D06           00072                         BTFSS           PORTB,.2
0056   2???           00073                         GOTO            $+6
0057   2???           00074                         CALL            REBOTE
0058   1906           00075                         BTFSC           PORTB,.2
0059   2???           00076                         GOTO            $-1
005A   2???           00077                         CALL            REBOTE
005B   2???           00078                         GOTO            RESULTADO
                      00079 
005C   1C06           00080                         BTFSS           PORTB,.0
005D   2???           00081                         GOTO            DETECCION
005E   2???           00082                         CALL            REBOTE          ;DETECCION
005F   1806           00083                         BTFSC           PORTB,.0
0060   2???           00084                         GOTO            $-1
0061   2???           00085                         CALL            REBOTE
0062   0BA1           00086                         DECFSZ          0X21,F
0063   2???           00087                         GOTO            DETECCION
                      00088         
MPASM  5.49                   RAPIDOMETRO.ASM   6-17-2018  15:03:02         PAGE  4


LOC  OBJECT CODE     LINE SOURCE TEXT
  VALUE

Message[305]: Using default destination of 1 (file).
0064   0AA3           00089                         INCF            0X23                    
0065   0BA2           00090                         DECFSZ          0X22,F
0066   2???           00091                         GOTO            RECARGA2
Message[305]: Using default destination of 1 (file).
0067   0AA3           00092                         INCF            0X23
0068   2???           00093                         GOTO            RECARGA1
                      00094 
0069   150B           00095 RESULTADO       BSF                     INTCON,T0IF
006A   2???           00096                         CALL            DIVISION
006B   0826           00097                         MOVF            0X26,W
006C   2???           00098                         CALL            BIN_DEC
006D   2???           00099                         CALL            LCD_INI
006E   2???           00100                         CALL            TEXTO_VEL       ;VELOCIDAD
006F   0828           00101                         MOVF            0X28,W
0070   2???           00102                         CALL            A_ASCII
0071   0088           00103                         MOVWF           PORTD
0072   2???           00104                         CALL            MANDAR
0073   0827           00105                         MOVF            0X27,W  
0074   2???           00106                         CALL            A_ASCII
0075   0088           00107                         MOVWF           PORTD
0076   2???           00108                         CALL            MANDAR
0077   2???           00109                         CALL            NEXT
0078   3044           00110                         MOVLW           'D'
0079   0088           00111                         MOVWF           PORTD
007A   2???           00112                         CALL            MANDAR
007B   303A           00113                         MOVLW           ':'
007C   0088           00114                         MOVWF           PORTD
007D   2???           00115                         CALL            MANDAR
007E   0830           00116                         MOVF            0X30,W
007F   2???           00117                         CALL            BIN_DEC
0080   0828           00118                         MOVF            0X28,W
0081   2???           00119                         CALL            A_ASCII
0082   0088           00120                         MOVWF           PORTD
0083   2???           00121                         CALL            MANDAR
0084   0827           00122                         MOVF            0X27,W  
0085   2???           00123                         CALL            A_ASCII
0086   0088           00124                         MOVWF           PORTD
0087   2???           00125                         CALL            MANDAR
                      00126                         
0088   3020           00127                         MOVLW           ' '
0089   0088           00128                         MOVWF           PORTD
008A   2???           00129                         CALL            MANDAR
008B   3054           00130                         MOVLW           'T'
008C   0088           00131                         MOVWF           PORTD
008D   2???           00132                         CALL            MANDAR
008E   303A           00133                         MOVLW           ':'
008F   0088           00134                         MOVWF           PORTD
0090   2???           00135                         CALL            MANDAR
0091   0825           00136                         MOVF            0X25,W
0092   2???           00137                         CALL            BIN_DEC
0093   0828           00138                         MOVF            0X28,W
0094   2???           00139                         CALL            A_ASCII
MPASM  5.49                   RAPIDOMETRO.ASM   6-17-2018  15:03:02         PAGE  5


LOC  OBJECT CODE     LINE SOURCE TEXT
  VALUE

0095   0088           00140                         MOVWF           PORTD
0096   2???           00141                         CALL            MANDAR
0097   0827           00142                         MOVF            0X27,W  
0098   2???           00143                         CALL            A_ASCII
0099   0088           00144                         MOVWF           PORTD
009A   2???           00145                         CALL            MANDAR
009B   0063           00146                         SLEEP
                      00147 ;****************************************************************
Message[305]: Using default destination of 1 (file).
009C   0AA4           00148 RSI                     INCF            0X24
009D   0824           00149                         MOVF            0X24,W
009E   3A14           00150                         XORLW           .20
009F   1D03           00151                         BTFSS           STATUS,Z
00A0   2???           00152                         GOTO            $+3
Message[305]: Using default destination of 1 (file).
00A1   0AA5           00153                         INCF            0X25
00A2   01A4           00154                         CLRF            0X24
00A3   303D           00155                         MOVLW           .61
00A4   0081           00156                         MOVWF           TMR0
00A5   110B           00157                         BCF                     INTCON,T0IF
                      00158                         INCLUDE         <resupera.asm>
00A6   0872           00001                         MOVF            PC_R,W
00A7   008A           00002                         MOVWF           PCLATH
00A8   0E71           00003                         SWAPF           ST_R,W
00A9   0083           00004                         MOVWF           STATUS
00AA   0EF0           00005                         SWAPF           W_R,F
00AB   0E70           00006                         SWAPF           W_R,W
00AC   0009           00007                         RETFIE
                      00159 ;++++++++++++++++++++++++++++++++++++++++++++++++++++++++++++++++
00AD   00A9           00160 BIN_DEC         MOVWF           0X29
00AE   01A7           00161                         CLRF            0X27
00AF   01A8           00162                         CLRF            0X28
00B0   08A9           00163                         MOVF            0X29,F
00B1   1903           00164                         BTFSC           STATUS,Z
00B2   0008           00165                         RETURN  
Message[305]: Using default destination of 1 (file).
00B3   0AA7           00166                         INCF            0X27
00B4   0827           00167                         MOVF            0X27,W
00B5   3A0A           00168                         XORLW           .10
00B6   1D03           00169                         BTFSS           STATUS,Z
00B7   2???           00170                         GOTO            $+3
00B8   01A7           00171                         CLRF            0X27
Message[305]: Using default destination of 1 (file).
00B9   0AA8           00172                         INCF            0X28
Message[305]: Using default destination of 1 (file).
00BA   0BA9           00173                         DECFSZ          0X29
00BB   2???           00174                         GOTO            $-8
00BC   0008           00175                         RETURN
                      00176 ;
                      00177 ;BIN_DEC                INCF            0X27
                      00178 ;                       MOVF            0X27,W
                      00179 ;                       XORLW           .10
                      00180 ;                       BTFSS           STATUS,Z
MPASM  5.49                   RAPIDOMETRO.ASM   6-17-2018  15:03:02         PAGE  6


LOC  OBJECT CODE     LINE SOURCE TEXT
  VALUE

                      00181 ;                       GOTO            $+2
                      00182 ;                       INCF            0X28
                      00183 ;                       DECFSZ          0X26
                      00184 ;                       GOTO            BIN_DEC
                      00185 ;                       RETURN
00BD   2???           00186 TIEMPOACT       CALL            LCD_INI
00BE   3054           00187                         MOVLW           'T'
00BF   0088           00188                         MOVWF           PORTD
00C0   2???           00189                         CALL            MANDAR
00C1   3049           00190                         MOVLW           'I'
00C2   0088           00191                         MOVWF           PORTD
00C3   2???           00192                         CALL            MANDAR
00C4   3045           00193                         MOVLW           'E'
00C5   0088           00194                         MOVWF           PORTD
00C6   2???           00195                         CALL            MANDAR
00C7   304D           00196                         MOVLW           'M'
00C8   0088           00197                         MOVWF           PORTD
00C9   2???           00198                         CALL            MANDAR
00CA   3050           00199                         MOVLW           'P'
00CB   0088           00200                         MOVWF           PORTD
00CC   2???           00201                         CALL            MANDAR
00CD   304F           00202                         MOVLW           'O'
00CE   0088           00203                         MOVWF           PORTD
00CF   2???           00204                         CALL            MANDAR
00D0   303A           00205                         MOVLW           ':'
00D1   0088           00206                         MOVWF           PORTD
00D2   2???           00207                         CALL            MANDAR
00D3   0825           00208                         MOVF            0X25,W
00D4   2???           00209                         CALL            BIN_DEC
00D5   0828           00210                         MOVF            0X28,W
00D6   2???           00211                         CALL            A_ASCII
00D7   0088           00212                         MOVWF           PORTD
00D8   2???           00213                         CALL            MANDAR
00D9   0827           00214                         MOVF            0X27,W  
00DA   2???           00215                         CALL            A_ASCII
00DB   0088           00216                         MOVWF           PORTD
00DC   2???           00217                         CALL            MANDAR
00DD   0008           00218                         RETURN
                      00219 
                      00220 
00DE   01A6           00221 DIVISION:       CLRF            0X26
00DF   0823           00222                         MOVF            0X23,W
00E0   00B0           00223                         MOVWF           0X30
                      00224                         
00E1   0825           00225 RESTA:          MOVF            0X25,W          ;RAM1<RAM2
00E2   02A3           00226                         SUBWF           0X23,F
                      00227 
00E3   1C03           00228                         BTFSS           STATUS,C
00E4   2???           00229                         GOTO            RESULTADOD
00E5   1903           00230                         BTFSC           STATUS,Z
00E6   2???           00231                         GOTO            RESULTADOD
Message[305]: Using default destination of 1 (file).
00E7   0AA6           00232                         INCF            0X26
MPASM  5.49                   RAPIDOMETRO.ASM   6-17-2018  15:03:02         PAGE  7


LOC  OBJECT CODE     LINE SOURCE TEXT
  VALUE

00E8   2???           00233                         GOTO            RESTA
                      00234 
00E9   1903           00235 RESULTADOD:     BTFSC           STATUS,Z
Message[305]: Using default destination of 1 (file).
00EA   0AA6           00236                         INCF            0X26
00EB   0008           00237                         RETURN
00EC   3052           00238 TEXTORP         MOVLW           'R'
00ED   0088           00239                         MOVWF           PORTD
00EE   2???           00240                         CALL            MANDAR
00EF   3041           00241                         MOVLW           'A'
00F0   0088           00242                         MOVWF           PORTD
00F1   2???           00243                         CALL            MANDAR
00F2   3050           00244                         MOVLW           'P'
00F3   0088           00245                         MOVWF           PORTD
00F4   2???           00246                         CALL            MANDAR
00F5   3049           00247                         MOVLW           'I'
00F6   0088           00248                         MOVWF           PORTD
00F7   2???           00249                         CALL            MANDAR
00F8   3044           00250                         MOVLW           'D'
00F9   0088           00251                         MOVWF           PORTD
00FA   2???           00252                         CALL            MANDAR
00FB   304F           00253                         MOVLW           'O'
00FC   0088           00254                         MOVWF           PORTD
00FD   2???           00255                         CALL            MANDAR
00FE   304D           00256                         MOVLW           'M'
00FF   0088           00257                         MOVWF           PORTD
0100   2???           00258                         CALL            MANDAR
0101   3045           00259                         MOVLW           'E'
0102   0088           00260                         MOVWF           PORTD
0103   2???           00261                         CALL            MANDAR
0104   3054           00262                         MOVLW           'T'
0105   0088           00263                         MOVWF           PORTD
0106   2???           00264                         CALL            MANDAR
0107   3052           00265                         MOVLW           'R'
0108   0088           00266                         MOVWF           PORTD
0109   2???           00267                         CALL            MANDAR
010A   304F           00268                         MOVLW           'O'
010B   0088           00269                         MOVWF           PORTD
010C   2???           00270                         CALL            MANDAR
010D   0008           00271                         RETURN
                      00272 
                      00273 
010E   3052           00274 TEXTO_VEL       MOVLW           'R'
010F   0088           00275                         MOVWF           PORTD
0110   2???           00276                         CALL            MANDAR
0111   3041           00277                         MOVLW           'A'
0112   0088           00278                         MOVWF           PORTD
0113   2???           00279                         CALL            MANDAR
0114   3050           00280                         MOVLW           'P'
0115   0088           00281                         MOVWF           PORTD
0116   2???           00282                         CALL            MANDAR
0117   3049           00283                         MOVLW           'I'
0118   0088           00284                         MOVWF           PORTD
MPASM  5.49                   RAPIDOMETRO.ASM   6-17-2018  15:03:02         PAGE  8


LOC  OBJECT CODE     LINE SOURCE TEXT
  VALUE

0119   2???           00285                         CALL            MANDAR
011A   3044           00286                         MOVLW           'D'
011B   0088           00287                         MOVWF           PORTD
011C   2???           00288                         CALL            MANDAR
011D   3045           00289                         MOVLW           'E'
011E   0088           00290                         MOVWF           PORTD
011F   2???           00291                         CALL            MANDAR
0120   305A           00292                         MOVLW           'Z'
0121   0088           00293                         MOVWF           PORTD
0122   2???           00294                         CALL            MANDAR
0123   303D           00295                         MOVLW           '='
0124   0088           00296                         MOVWF           PORTD
0125   2???           00297                         CALL            MANDAR
0126   0008           00298                         RETURN
                      00299 
0127   1107           00300 LCD_INI                 BCF                     PORTC,.2
0128   3001           00301                                 MOVLW           0X01
0129   0088           00302                                 MOVWF           PORTD
012A   2???           00303                                 CALL            EJECUTA
012B   300C           00304                                 MOVLW           0X0C
012C   0088           00305                                 MOVWF           PORTD
012D   2???           00306                                 CALL            EJECUTA
012E   303C           00307                                 MOVLW           0X3C
012F   0088           00308                                 MOVWF           PORTD
0130   2???           00309                                 CALL            EJECUTA
0131   1507           00310                                 BSF                     PORTC,.2
0132   0008           00311                                 RETURN
                      00312         
0133   1587           00313 EJECUTA                 BSF                     PORTC,.3
0134   2???           00314                                 CALL            TIEMPO
0135   2???           00315                                 CALL            TIEMPO
0136   1187           00316                                 BCF                     PORTC,.3
0137   2???           00317                                 CALL            TIEMPO
0138   0008           00318                                 RETURN
                      00319         
0139   1507           00320 MANDAR                  BSF                     PORTC,.2
013A   2???           00321                                 CALL            EJECUTA
013B   0008           00322                                 RETURN
                      00323         
013C   1107           00324 NEXT                    BCF                     PORTC,.2
013D   30C0           00325                                 MOVLW           0XC0
013E   0088           00326                                 MOVWF           PORTD
013F   2???           00327                                 CALL            EJECUTA
0140   0008           00328                                 RETURN
                      00329 
0141   300A           00330 TIEMPO          MOVLW           .10     
0142   00E1           00331                         MOVWF           0X61
0143   300A           00332                         MOVLW           .10
0144   00E2           00333                         MOVWF           0X62
0145   2???           00334                         CALL            ST2V
0146   0008           00335                         RETURN
                      00336 
                      00337 
MPASM  5.49                   RAPIDOMETRO.ASM   6-17-2018  15:03:02         PAGE  9


LOC  OBJECT CODE     LINE SOURCE TEXT
  VALUE

0147   1D06           00338 BOTON_IN        BTFSS   PORTB,.2
0148   2???           00339                         GOTO    $-1
0149   2???           00340                         CALL    REBOTE
014A   1906           00341                         BTFSC   PORTB,.2
014B   2???           00342                         GOTO    $-1
014C   2???           00343                         CALL    REBOTE
014D   0008           00344                         RETURN
                      00345 
014E   302C           00346 REBOTE          MOVLW           .44
014F   00E1           00347                         MOVWF           0X61
0150   305E           00348                         MOVLW           .94
0151   00E2           00349                         MOVWF           0X62
0152   2???           00350                         CALL            ST2V
0153   0008           00351                         RETURN
2BE2 3FFF             00352                         END
MPASM  5.49                   RAPIDOMETRO.ASM   6-17-2018  15:03:02         PAGE 10


SYMBOL TABLE
  LABEL                             VALUE 

ABDEN                             00000000
ABDOVF                            00000007
ACKDT                             00000005
ACKEN                             00000004
ACKSTAT                           00000006
ADCON0                            0000001F
ADCON1                            0000009F
ADCS0                             00000006
ADCS1                             00000007
ADDEN                             00000003
ADFM                              00000007
ADIE                              00000006
ADIF                              00000006
ADON                              00000000
ADRESH                            0000001E
ADRESL                            0000009E
ANS0                              00000000
ANS1                              00000001
ANS10                             00000002
ANS11                             00000003
ANS12                             00000004
ANS13                             00000005
ANS2                              00000002
ANS3                              00000003
ANS4                              00000004
ANS5                              00000005
ANS6                              00000006
ANS7                              00000007
ANS8                              00000000
ANS9                              00000001
ANSEL                             00000188
ANSELH                            00000189
A_ASCII                           0000000B
BAUDCTL                           00000187
BCLIE                             00000003
BCLIF                             00000003
BF                                00000000
BIN_DEC                           000000AD
BOTON_IN                          00000147
BRG0                              00000000
BRG1                              00000001
BRG10                             00000002
BRG11                             00000003
BRG12                             00000004
BRG13                             00000005
BRG14                             00000006
BRG15                             00000007
BRG16                             00000003
BRG2                              00000002
BRG3                              00000003
BRG4                              00000004
BRG5                              00000005
BRG6                              00000006
MPASM  5.49                   RAPIDOMETRO.ASM   6-17-2018  15:03:02         PAGE 11


SYMBOL TABLE
  LABEL                             VALUE 

BRG7                              00000007
BRG8                              00000000
BRG9                              00000001
BRGH                              00000002
C                                 00000000
C1CH0                             00000000
C1CH1                             00000001
C1IE                              00000005
C1IF                              00000005
C1OE                              00000005
C1ON                              00000007
C1OUT                             00000006
C1POL                             00000004
C1R                               00000002
C1RSEL                            00000005
C1SEN                             00000005
C2CH0                             00000000
C2CH1                             00000001
C2IE                              00000006
C2IF                              00000006
C2OE                              00000005
C2ON                              00000007
C2OUT                             00000006
C2POL                             00000004
C2R                               00000002
C2REN                             00000004
C2RSEL                            00000004
C2SYNC                            00000000
CCP1CON                           00000017
CCP1IE                            00000002
CCP1IF                            00000002
CCP1M0                            00000000
CCP1M1                            00000001
CCP1M2                            00000002
CCP1M3                            00000003
CCP1X                             00000005
CCP1Y                             00000004
CCP2CON                           0000001D
CCP2IE                            00000000
CCP2IF                            00000000
CCP2M0                            00000000
CCP2M1                            00000001
CCP2M2                            00000002
CCP2M3                            00000003
CCP2X                             00000005
CCP2Y                             00000004
CCPR1                             00000015
CCPR1H                            00000016
CCPR1L                            00000015
CCPR2                             0000001B
CCPR2H                            0000001C
CCPR2L                            0000001B
CHS0                              00000002
MPASM  5.49                   RAPIDOMETRO.ASM   6-17-2018  15:03:02         PAGE 12


SYMBOL TABLE
  LABEL                             VALUE 

CHS1                              00000003
CHS2                              00000004
CHS3                              00000005
CKE                               00000006
CKP                               00000004
CM1CON0                           00000107
CM2CON0                           00000108
CM2CON1                           00000109
CREN                              00000004
CSRC                              00000007
D                                 00000005
DATA_ADDRESS                      00000005
DC                                00000001
DC1B0                             00000004
DC1B1                             00000005
DC2B0                             00000004
DC2B1                             00000005
DECRE2V                           0000001E
DECRE3V                           0000002A
DETECCION                         00000053
DIVISION                          000000DE
D_A                               00000005
D_NOT_A                           00000005
ECCPAS                            0000009C
ECCPAS0                           00000004
ECCPAS1                           00000005
ECCPAS2                           00000006
ECCPASE                           00000007
EEADR                             0000010D
EEADRH                            0000010F
EECON1                            0000018C
EECON2                            0000018D
EEDAT                             0000010C
EEDATA                            0000010C
EEDATH                            0000010E
EEIE                              00000004
EEIF                              00000004
EEPGD                             00000007
EJECUTA                           00000133
F                                 00000001
FERR                              00000002
FSR                               00000004
FVREN                             00000000
GCEN                              00000007
GIE                               00000007
GO                                00000001
GO_DONE                           00000001
GO_NOT_DONE                       00000001
HTS                               00000002
I2C_DATA                          00000005
I2C_READ                          00000002
I2C_START                         00000003
I2C_STOP                          00000004
MPASM  5.49                   RAPIDOMETRO.ASM   6-17-2018  15:03:02         PAGE 13


SYMBOL TABLE
  LABEL                             VALUE 

INDF                              00000000
INICIO                            00000034
INTCON                            0000000B
INTE                              00000004
INTEDG                            00000006
INTF                              00000001
IOCB                              00000096
IOCB0                             00000000
IOCB1                             00000001
IOCB2                             00000002
IOCB3                             00000003
IOCB4                             00000004
IOCB5                             00000005
IOCB6                             00000006
IOCB7                             00000007
IRCF0                             00000004
IRCF1                             00000005
IRCF2                             00000006
IRP                               00000007
LCD_INI                           00000127
LTS                               00000001
MANDAR                            00000139
MC1OUT                            00000007
MC2OUT                            00000006
MSK                               00000093
MSK0                              00000000
MSK1                              00000001
MSK2                              00000002
MSK3                              00000003
MSK4                              00000004
MSK5                              00000005
MSK6                              00000006
MSK7                              00000007
NEXT                              0000013C
NOT_A                             00000005
NOT_ADDRESS                       00000005
NOT_BO                            00000000
NOT_BOR                           00000000
NOT_DONE                          00000001
NOT_PD                            00000003
NOT_POR                           00000001
NOT_RBPU                          00000007
NOT_RC8                           00000006
NOT_T1SYNC                        00000002
NOT_TO                            00000004
NOT_TX8                           00000006
NOT_W                             00000002
NOT_WRITE                         00000002
OERR                              00000001
OPTION_REG                        00000081
OSCCON                            0000008F
OSCTUNE                           00000090
OSFIE                             00000007
MPASM  5.49                   RAPIDOMETRO.ASM   6-17-2018  15:03:02         PAGE 14


SYMBOL TABLE
  LABEL                             VALUE 

OSFIF                             00000007
OSTS                              00000003
P                                 00000004
P1M0                              00000006
P1M1                              00000007
PCL                               00000002
PCLATH                            0000000A
PCON                              0000008E
PC_R                              00000072
PDC0                              00000000
PDC1                              00000001
PDC2                              00000002
PDC3                              00000003
PDC4                              00000004
PDC5                              00000005
PDC6                              00000006
PEIE                              00000006
PEN                               00000002
PIE1                              0000008C
PIE2                              0000008D
PIR1                              0000000C
PIR2                              0000000D
PORTA                             00000005
PORTB                             00000006
PORTC                             00000007
PORTD                             00000008
PORTE                             00000009
PR2                               00000092
PRSEN                             00000007
PS0                               00000000
PS1                               00000001
PS2                               00000002
PSA                               00000003
PSSAC0                            00000002
PSSAC1                            00000003
PSSBD0                            00000000
PSSBD1                            00000001
PSTRCON                           0000009D
PULSR                             00000002
PULSS                             00000003
PWM1CON                           0000009B
R                                 00000002
RA0                               00000000
RA1                               00000001
RA2                               00000002
RA3                               00000003
RA4                               00000004
RA5                               00000005
RA6                               00000006
RA7                               00000007
RB0                               00000000
RB1                               00000001
RB2                               00000002
MPASM  5.49                   RAPIDOMETRO.ASM   6-17-2018  15:03:02         PAGE 15


SYMBOL TABLE
  LABEL                             VALUE 

RB3                               00000003
RB4                               00000004
RB5                               00000005
RB6                               00000006
RB7                               00000007
RBIE                              00000003
RBIF                              00000000
RC0                               00000000
RC1                               00000001
RC2                               00000002
RC3                               00000003
RC4                               00000004
RC5                               00000005
RC6                               00000006
RC7                               00000007
RC8_9                             00000006
RC9                               00000006
RCD8                              00000000
RCEN                              00000003
RCIDL                             00000006
RCIE                              00000005
RCIF                              00000005
RCREG                             0000001A
RCSTA                             00000018
RD                                00000000
RD0                               00000000
RD1                               00000001
RD2                               00000002
RD3                               00000003
RD4                               00000004
RD5                               00000005
RD6                               00000006
RD7                               00000007
RE0                               00000000
RE1                               00000001
RE2                               00000002
RE3                               00000003
READ_WRITE                        00000002
REBOTE                            0000014E
RECARGA1                          0000004F
RECARGA2                          00000051
RECARGA3V                         00000028
RESTA                             000000E1
RESULTADO                         00000069
RESULTADOD                        000000E9
RP0                               00000005
RP1                               00000006
RSEN                              00000001
RSI                               0000009C
RX9                               00000006
RX9D                              00000000
R_NOT_W                           00000002
R_W                               00000002
MPASM  5.49                   RAPIDOMETRO.ASM   6-17-2018  15:03:02         PAGE 16


SYMBOL TABLE
  LABEL                             VALUE 

S                                 00000003
SBOREN                            00000004
SCKP                              00000004
SCS                               00000000
SEN                               00000000
SENDB                             00000003
SMP                               00000007
SPBRG                             00000099
SPBRGH                            0000009A
SPEN                              00000007
SR0                               00000006
SR1                               00000007
SRCON                             00000185
SREN                              00000005
SSPADD                            00000093
SSPBUF                            00000013
SSPCON                            00000014
SSPCON2                           00000091
SSPEN                             00000005
SSPIE                             00000003
SSPIF                             00000003
SSPM0                             00000000
SSPM1                             00000001
SSPM2                             00000002
SSPM3                             00000003
SSPMSK                            00000093
SSPOV                             00000006
SSPSTAT                           00000094
ST1V                              00000016
ST2V                              0000001C
ST3V                              00000026
STATUS                            00000003
STRA                              00000000
STRB                              00000001
STRC                              00000002
STRD                              00000003
STRSYNC                           00000004
ST_R                              00000071
SWDTEN                            00000000
SYNC                              00000004
T0CS                              00000005
T0IE                              00000005
T0IF                              00000002
T0SE                              00000004
T1CKPS0                           00000004
T1CKPS1                           00000005
T1CON                             00000010
T1GINV                            00000007
T1GIV                             00000007
T1GSS                             00000001
T1INSYNC                          00000002
T1OSCEN                           00000003
T1SYNC                            00000002
MPASM  5.49                   RAPIDOMETRO.ASM   6-17-2018  15:03:02         PAGE 17


SYMBOL TABLE
  LABEL                             VALUE 

T2CKPS0                           00000000
T2CKPS1                           00000001
T2CON                             00000012
TEXTORP                           000000EC
TEXTO_VEL                         0000010E
TIEMPO                            00000141
TIEMPOACT                         000000BD
TMR0                              00000001
TMR0IE                            00000005
TMR0IF                            00000002
TMR1                              0000000E
TMR1CS                            00000001
TMR1GE                            00000006
TMR1H                             0000000F
TMR1IE                            00000000
TMR1IF                            00000000
TMR1L                             0000000E
TMR1ON                            00000000
TMR2                              00000011
TMR2IE                            00000001
TMR2IF                            00000001
TMR2ON                            00000002
TOUTPS0                           00000003
TOUTPS1                           00000004
TOUTPS2                           00000005
TOUTPS3                           00000006
TRISA                             00000085
TRISA0                            00000000
TRISA1                            00000001
TRISA2                            00000002
TRISA3                            00000003
TRISA4                            00000004
TRISA5                            00000005
TRISA6                            00000006
TRISA7                            00000007
TRISB                             00000086
TRISB0                            00000000
TRISB1                            00000001
TRISB2                            00000002
TRISB3                            00000003
TRISB4                            00000004
TRISB5                            00000005
TRISB6                            00000006
TRISB7                            00000007
TRISC                             00000087
TRISC0                            00000000
TRISC1                            00000001
TRISC2                            00000002
TRISC3                            00000003
TRISC4                            00000004
TRISC5                            00000005
TRISC6                            00000006
TRISC7                            00000007
MPASM  5.49                   RAPIDOMETRO.ASM   6-17-2018  15:03:02         PAGE 18


SYMBOL TABLE
  LABEL                             VALUE 

TRISD                             00000088
TRISD0                            00000000
TRISD1                            00000001
TRISD2                            00000002
TRISD3                            00000003
TRISD4                            00000004
TRISD5                            00000005
TRISD6                            00000006
TRISD7                            00000007
TRISE                             00000089
TRISE0                            00000000
TRISE1                            00000001
TRISE2                            00000002
TRISE3                            00000003
TRMT                              00000001
TUN0                              00000000
TUN1                              00000001
TUN2                              00000002
TUN3                              00000003
TUN4                              00000004
TX8_9                             00000006
TX9                               00000006
TX9D                              00000000
TXD8                              00000000
TXEN                              00000005
TXIE                              00000004
TXIF                              00000004
TXREG                             00000019
TXSTA                             00000098
UA                                00000001
ULPWUE                            00000005
ULPWUIE                           00000002
ULPWUIF                           00000002
VCFG0                             00000004
VCFG1                             00000005
VR0                               00000000
VR1                               00000001
VR2                               00000002
VR3                               00000003
VRCON                             00000097
VREN                              00000007
VROE                              00000006
VRR                               00000005
VRSS                              00000004
W                                 00000000
WCOL                              00000007
WDTCON                            00000105
WDTPS0                            00000001
WDTPS1                            00000002
WDTPS2                            00000003
WDTPS3                            00000004
WPUB                              00000095
WPUB0                             00000000
MPASM  5.49                   RAPIDOMETRO.ASM   6-17-2018  15:03:02         PAGE 19


SYMBOL TABLE
  LABEL                             VALUE 

WPUB1                             00000001
WPUB2                             00000002
WPUB3                             00000003
WPUB4                             00000004
WPUB5                             00000005
WPUB6                             00000006
WPUB7                             00000007
WR                                00000001
WREN                              00000002
WRERR                             00000003
WUE                               00000001
W_R                               00000070
Z                                 00000002
_.org_1_0056                      00000056
_.org_1_0059                      00000059
_.org_1_0060                      00000060
_.org_1_00A0                      000000A0
_.org_1_00B7                      000000B7
_.org_1_00BB                      000000BB
_.org_1_0148                      00000148
_.org_1_014B                      0000014B
_BOR21V                           00003EFF
_BOR40V                           00003FFF
_BOR4V_BOR21V                     00003EFF
_BOR4V_BOR40V                     00003FFF
_BOREN_NSLEEP                     00003EFF
_BOREN_OFF                        00003CFF
_BOREN_ON                         00003FFF
_BOREN_SBODEN                     00003DFF
_BOR_NSLEEP                       00003EFF
_BOR_OFF                          00003CFF
_BOR_ON                           00003FFF
_BOR_SBODEN                       00003DFF
_CONFIG1                          00002007
_CONFIG2                          00002008
_CPD_OFF                          00003FFF
_CPD_ON                           00003F7F
_CP_OFF                           00003FFF
_CP_ON                            00003FBF
_DEBUG_OFF                        00003FFF
_DEBUG_ON                         00001FFF
_DEVID1                           00002006
_EC_OSC                           00003FFB
_EXTRC                            00003FFF
_EXTRCIO                          00003FFE
_EXTRC_OSC_CLKOUT                 00003FFF
_EXTRC_OSC_NOCLKOUT               00003FFE
_FCMEN_OFF                        000037FF
_FCMEN_ON                         00003FFF
_FOSC_EC                          00003FFB
_FOSC_EXTRC_CLKOUT                00003FFF
_FOSC_EXTRC_NOCLKOUT              00003FFE
_FOSC_HS                          00003FFA
MPASM  5.49                   RAPIDOMETRO.ASM   6-17-2018  15:03:02         PAGE 20


SYMBOL TABLE
  LABEL                             VALUE 

_FOSC_INTRC_CLKOUT                00003FFD
_FOSC_INTRC_NOCLKOUT              00003FFC
_FOSC_LP                          00003FF8
_FOSC_XT                          00003FF9
_HS_OSC                           00003FFA
_IDLOC0                           00002000
_IDLOC1                           00002001
_IDLOC2                           00002002
_IDLOC3                           00002003
_IESO_OFF                         00003BFF
_IESO_ON                          00003FFF
_INTOSC                           00003FFD
_INTOSCIO                         00003FFC
_INTRC_OSC_CLKOUT                 00003FFD
_INTRC_OSC_NOCLKOUT               00003FFC
_LP_OSC                           00003FF8
_LVP_OFF                          00002FFF
_LVP_ON                           00003FFF
_MCLRE_OFF                        00003FDF
_MCLRE_ON                         00003FFF
_PWRTE_OFF                        00003FFF
_PWRTE_ON                         00003FEF
_WDTE_OFF                         00003FF7
_WDTE_ON                          00003FFF
_WDT_OFF                          00003FF7
_WDT_ON                           00003FFF
_WRT_1FOURTH                      00003BFF
_WRT_256                          00003DFF
_WRT_HALF                         000039FF
_WRT_OFF                          00003FFF
_XT_OSC                           00003FF9
__16F887                          00000001
__DEBUG                           1

Errors   :     0
Warnings :     0 reported,     0 suppressed
Messages :    14 reported,     0 suppressed

