MPLINK 4.47, Linker
Linker Map File - Created Sat Jun 02 19:57:48 2018

                                 Section Info
                  Section       Type    Address   Location Size(Bytes)
                ---------  ---------  ---------  ---------  ---------
                   .org_0       code   0x000000    program   0x000002
                   .cinit    romdata   0x000001    program   0x000004
                   .org_1       code   0x000004    program   0x0006e2
    .config_2007_PRUEBA.O       code   0x002007    program   0x000002
    .config_2008_PRUEBA.O       code   0x002008    program   0x000002



                              Program Memory Usage 
                               Start         End      
                           ---------   ---------      
                            0x000000    0x000002      
                            0x000004    0x000374      
                            0x002007    0x002008      
            886 out of 8455 program addresses used, program memory utilization is 10%



                              Symbols - Sorted by Name
                     Name    Address   Location    Storage File                     
                ---------  ---------  ---------  --------- ---------                
               ASCENDENTE   0x000130    program     static C:\Users\Jesus\Downloads\Practica4\Practica4\PRUEBA.asm
                  ASC_DES   0x0001c1    program     static C:\Users\Jesus\Downloads\Practica4\Practica4\PRUEBA.asm
                  BOTONES   0x0001ca    program     static C:\Users\Jesus\Downloads\Practica4\Practica4\PRUEBA.asm
                    CARGA   0x000358    program     static C:\Users\Jesus\Downloads\Practica4\Practica4\PRUEBA.asm
                  DECRE2V   0x0000e9    program     static C:\Users\Jesus\Downloads\Practica4\Practica4\SUBS_TIEMPO.ASM
                  DECRE3V   0x0000f5    program     static C:\Users\Jesus\Downloads\Practica4\Practica4\SUBS_TIEMPO.ASM
              DESCENDENTE   0x00016d    program     static C:\Users\Jesus\Downloads\Practica4\Practica4\PRUEBA.asm
                       DO   0x00024e    program     static C:\Users\Jesus\Downloads\Practica4\Practica4\PRUEBA.asm
                      DO#   0x00025f    program     static C:\Users\Jesus\Downloads\Practica4\Practica4\PRUEBA.asm
                       FA   0x0002a3    program     static C:\Users\Jesus\Downloads\Practica4\Practica4\PRUEBA.asm
                      FA#   0x0002b4    program     static C:\Users\Jesus\Downloads\Practica4\Practica4\PRUEBA.asm
                      FIN   0x00033a    program     static C:\Users\Jesus\Downloads\Practica4\Practica4\PRUEBA.asm
                     FINC   0x000210    program     static C:\Users\Jesus\Downloads\Practica4\Practica4\PRUEBA.asm
                     FINF   0x0001f9    program     static C:\Users\Jesus\Downloads\Practica4\Practica4\PRUEBA.asm
                    FUEC1   0x000203    program     static C:\Users\Jesus\Downloads\Practica4\Practica4\PRUEBA.asm
                    FUEC2   0x000207    program     static C:\Users\Jesus\Downloads\Practica4\Practica4\PRUEBA.asm
                    FUEC3   0x00020b    program     static C:\Users\Jesus\Downloads\Practica4\Practica4\PRUEBA.asm
                    FUEC4   0x00020f    program     static C:\Users\Jesus\Downloads\Practica4\Practica4\PRUEBA.asm
                    FUEF0   0x0001ec    program     static C:\Users\Jesus\Downloads\Practica4\Practica4\PRUEBA.asm
                    FUEF1   0x0001f0    program     static C:\Users\Jesus\Downloads\Practica4\Practica4\PRUEBA.asm
                    FUEF2   0x0001f4    program     static C:\Users\Jesus\Downloads\Practica4\Practica4\PRUEBA.asm
                    FUEF3   0x0001f8    program     static C:\Users\Jesus\Downloads\Practica4\Practica4\PRUEBA.asm
                   INICIO   0x0000ff    program     static C:\Users\Jesus\Downloads\Practica4\Practica4\PRUEBA.asm
                       LA   0x0002e7    program     static C:\Users\Jesus\Downloads\Practica4\Practica4\PRUEBA.asm
                      LA#   0x0002f8    program     static C:\Users\Jesus\Downloads\Practica4\Practica4\PRUEBA.asm
                   LIMP_1   0x00012f    program     static C:\Users\Jesus\Downloads\Practica4\Practica4\PRUEBA.asm
                   LIMP_2   0x00012e    program     static C:\Users\Jesus\Downloads\Practica4\Practica4\PRUEBA.asm
                   LIMP_3   0x00012d    program     static C:\Users\Jesus\Downloads\Practica4\Practica4\PRUEBA.asm
                   LIMP_4   0x00012c    program     static C:\Users\Jesus\Downloads\Practica4\Practica4\PRUEBA.asm
                   LIMP_5   0x00012b    program     static C:\Users\Jesus\Downloads\Practica4\Practica4\PRUEBA.asm
                   LIMP_6   0x00012a    program     static C:\Users\Jesus\Downloads\Practica4\Practica4\PRUEBA.asm
                       MI   0x000292    program     static C:\Users\Jesus\Downloads\Practica4\Practica4\PRUEBA.asm
                  MOSTRAR   0x00019c    program     static C:\Users\Jesus\Downloads\Practica4\Practica4\PRUEBA.asm
                     NOTA   0x00035a    program     static C:\Users\Jesus\Downloads\Practica4\Practica4\PRUEBA.asm
                  NUEVE_1   0x00016b    program     static C:\Users\Jesus\Downloads\Practica4\Practica4\PRUEBA.asm
                  NUEVE_2   0x000169    program     static C:\Users\Jesus\Downloads\Practica4\Practica4\PRUEBA.asm
                  NUEVE_3   0x000167    program     static C:\Users\Jesus\Downloads\Practica4\Practica4\PRUEBA.asm
                  NUEVE_4   0x000165    program     static C:\Users\Jesus\Downloads\Practica4\Practica4\PRUEBA.asm
                  NUEVE_5   0x000163    program     static C:\Users\Jesus\Downloads\Practica4\Practica4\PRUEBA.asm
                  NUEVE_6   0x000161    program     static C:\Users\Jesus\Downloads\Practica4\Practica4\PRUEBA.asm
                  OCTAVA2   0x00031a    program     static C:\Users\Jesus\Downloads\Practica4\Practica4\PRUEBA.asm
                  OCTAVA3   0x000322    program     static C:\Users\Jesus\Downloads\Practica4\Practica4\PRUEBA.asm
                  OCTAVA4   0x00032a    program     static C:\Users\Jesus\Downloads\Practica4\Practica4\PRUEBA.asm
                  OCTAVA5   0x000332    program     static C:\Users\Jesus\Downloads\Practica4\Practica4\PRUEBA.asm
                  OCTAVA?   0x000348    program     static C:\Users\Jesus\Downloads\Practica4\Practica4\PRUEBA.asm
                    PAUSA   0x000193    program     static C:\Users\Jesus\Downloads\Practica4\Practica4\PRUEBA.asm
                       RE   0x000270    program     static C:\Users\Jesus\Downloads\Practica4\Practica4\PRUEBA.asm
                      RE#   0x000281    program     static C:\Users\Jesus\Downloads\Practica4\Practica4\PRUEBA.asm
                   REBOTE   0x0001d9    program     static C:\Users\Jesus\Downloads\Practica4\Practica4\PRUEBA.asm
                RECARGA3V   0x0000f3    program     static C:\Users\Jesus\Downloads\Practica4\Practica4\SUBS_TIEMPO.ASM
                      RSI   0x0001e9    program     static C:\Users\Jesus\Downloads\Practica4\Practica4\PRUEBA.asm
                       SI   0x000309    program     static C:\Users\Jesus\Downloads\Practica4\Practica4\PRUEBA.asm
                 SIETESEG   0x00000b    program     static C:\Users\Jesus\Downloads\Practica4\Practica4\TABLA7SEG.ASM
                SIETESEGK   0x00001c    program     static C:\Users\Jesus\Downloads\Practica4\Practica4\TABLA7SEG.ASM
                      SOL   0x0002c5    program     static C:\Users\Jesus\Downloads\Practica4\Practica4\PRUEBA.asm
                     SOL#   0x0002d6    program     static C:\Users\Jesus\Downloads\Practica4\Practica4\PRUEBA.asm
                     ST1V   0x0000e1    program     static C:\Users\Jesus\Downloads\Practica4\Practica4\SUBS_TIEMPO.ASM
                     ST2V   0x0000e7    program     static C:\Users\Jesus\Downloads\Practica4\Practica4\SUBS_TIEMPO.ASM
                     ST3V   0x0000f1    program     static C:\Users\Jesus\Downloads\Practica4\Practica4\SUBS_TIEMPO.ASM
                  TABLADO   0x00002d    program     static C:\Users\Jesus\Downloads\Practica4\Practica4\TABLA7SEG.ASM
                 TABLADO#   0x00003c    program     static C:\Users\Jesus\Downloads\Practica4\Practica4\TABLA7SEG.ASM
             TABLADO#NOPS   0x000046    program     static C:\Users\Jesus\Downloads\Practica4\Practica4\TABLA7SEG.ASM
              TABLADONOPS   0x000037    program     static C:\Users\Jesus\Downloads\Practica4\Practica4\TABLA7SEG.ASM
                TABLADOPS   0x000032    program     static C:\Users\Jesus\Downloads\Practica4\Practica4\TABLA7SEG.ASM
               TABLADOPS#   0x000041    program     static C:\Users\Jesus\Downloads\Practica4\Practica4\TABLA7SEG.ASM
                  TABLAFA   0x000078    program     static C:\Users\Jesus\Downloads\Practica4\Practica4\TABLA7SEG.ASM
                 TABLAFA#   0x000087    program     static C:\Users\Jesus\Downloads\Practica4\Practica4\TABLA7SEG.ASM
             TABLAFA#NOPS   0x000091    program     static C:\Users\Jesus\Downloads\Practica4\Practica4\TABLA7SEG.ASM
              TABLAFANOPS   0x000082    program     static C:\Users\Jesus\Downloads\Practica4\Practica4\TABLA7SEG.ASM
                TABLAFAPS   0x00007d    program     static C:\Users\Jesus\Downloads\Practica4\Practica4\TABLA7SEG.ASM
               TABLAFAPS#   0x00008c    program     static C:\Users\Jesus\Downloads\Practica4\Practica4\TABLA7SEG.ASM
                  TABLALA   0x0000b4    program     static C:\Users\Jesus\Downloads\Practica4\Practica4\TABLA7SEG.ASM
                 TABLALA#   0x0000c3    program     static C:\Users\Jesus\Downloads\Practica4\Practica4\TABLA7SEG.ASM
             TABLALA#NOPS   0x0000cd    program     static C:\Users\Jesus\Downloads\Practica4\Practica4\TABLA7SEG.ASM
              TABLALANOPS   0x0000be    program     static C:\Users\Jesus\Downloads\Practica4\Practica4\TABLA7SEG.ASM
                TABLALAPS   0x0000b9    program     static C:\Users\Jesus\Downloads\Practica4\Practica4\TABLA7SEG.ASM
               TABLALAPS#   0x0000c8    program     static C:\Users\Jesus\Downloads\Practica4\Practica4\TABLA7SEG.ASM
                  TABLAMI   0x000069    program     static C:\Users\Jesus\Downloads\Practica4\Practica4\TABLA7SEG.ASM
              TABLAMINOPS   0x000073    program     static C:\Users\Jesus\Downloads\Practica4\Practica4\TABLA7SEG.ASM
                TABLAMIPS   0x00006e    program     static C:\Users\Jesus\Downloads\Practica4\Practica4\TABLA7SEG.ASM
                  TABLARE   0x00004b    program     static C:\Users\Jesus\Downloads\Practica4\Practica4\TABLA7SEG.ASM
                 TABLARE#   0x00005a    program     static C:\Users\Jesus\Downloads\Practica4\Practica4\TABLA7SEG.ASM
             TABLARE#NOPS   0x000064    program     static C:\Users\Jesus\Downloads\Practica4\Practica4\TABLA7SEG.ASM
              TABLARENOPS   0x000055    program     static C:\Users\Jesus\Downloads\Practica4\Practica4\TABLA7SEG.ASM
                TABLAREPS   0x000050    program     static C:\Users\Jesus\Downloads\Practica4\Practica4\TABLA7SEG.ASM
               TABLAREPS#   0x00005f    program     static C:\Users\Jesus\Downloads\Practica4\Practica4\TABLA7SEG.ASM
                  TABLASI   0x0000d2    program     static C:\Users\Jesus\Downloads\Practica4\Practica4\TABLA7SEG.ASM
              TABLASINOPS   0x0000dc    program     static C:\Users\Jesus\Downloads\Practica4\Practica4\TABLA7SEG.ASM
                TABLASIPS   0x0000d7    program     static C:\Users\Jesus\Downloads\Practica4\Practica4\TABLA7SEG.ASM
                 TABLASOL   0x000096    program     static C:\Users\Jesus\Downloads\Practica4\Practica4\TABLA7SEG.ASM
                TABLASOL#   0x0000a5    program     static C:\Users\Jesus\Downloads\Practica4\Practica4\TABLA7SEG.ASM
            TABLASOL#NOPS   0x0000af    program     static C:\Users\Jesus\Downloads\Practica4\Practica4\TABLA7SEG.ASM
             TABLASOLNOPS   0x0000a0    program     static C:\Users\Jesus\Downloads\Practica4\Practica4\TABLA7SEG.ASM
               TABLASOLPS   0x00009b    program     static C:\Users\Jesus\Downloads\Practica4\Practica4\TABLA7SEG.ASM
              TABLASOLPS#   0x0000aa    program     static C:\Users\Jesus\Downloads\Practica4\Practica4\TABLA7SEG.ASM
                     TONO   0x00035e    program     static C:\Users\Jesus\Downloads\Practica4\Practica4\PRUEBA.asm
             _.org_1_0198   0x000198    program     static C:\Users\Jesus\Downloads\Practica4\Practica4\PRUEBA.asm
             _.org_1_01C7   0x0001c7    program     static C:\Users\Jesus\Downloads\Practica4\Practica4\PRUEBA.asm
             _.org_1_01D6   0x0001d6    program     static C:\Users\Jesus\Downloads\Practica4\Practica4\PRUEBA.asm
             _.org_1_031F   0x00031f    program     static C:\Users\Jesus\Downloads\Practica4\Practica4\PRUEBA.asm
             _.org_1_0327   0x000327    program     static C:\Users\Jesus\Downloads\Practica4\Practica4\PRUEBA.asm
             _.org_1_032F   0x00032f    program     static C:\Users\Jesus\Downloads\Practica4\Practica4\PRUEBA.asm
             _.org_1_0337   0x000337    program     static C:\Users\Jesus\Downloads\Practica4\Practica4\PRUEBA.asm
             _.org_1_0349   0x000349    program     static C:\Users\Jesus\Downloads\Practica4\Practica4\PRUEBA.asm
             _.org_1_034D   0x00034d    program     static C:\Users\Jesus\Downloads\Practica4\Practica4\PRUEBA.asm
             _.org_1_0351   0x000351    program     static C:\Users\Jesus\Downloads\Practica4\Practica4\PRUEBA.asm
             _.org_1_0355   0x000355    program     static C:\Users\Jesus\Downloads\Practica4\Practica4\PRUEBA.asm
             _.org_1_0364   0x000364    program     static C:\Users\Jesus\Downloads\Practica4\Practica4\PRUEBA.asm
             _.org_1_0368   0x000368    program     static C:\Users\Jesus\Downloads\Practica4\Practica4\PRUEBA.asm
                    _20E6   0x0001df    program     static C:\Users\Jesus\Downloads\Practica4\Practica4\PRUEBA.asm



                              Symbols - Sorted by Address
                     Name    Address   Location    Storage File                     
                ---------  ---------  ---------  --------- ---------                
                 SIETESEG   0x00000b    program     static C:\Users\Jesus\Downloads\Practica4\Practica4\TABLA7SEG.ASM
                SIETESEGK   0x00001c    program     static C:\Users\Jesus\Downloads\Practica4\Practica4\TABLA7SEG.ASM
                  TABLADO   0x00002d    program     static C:\Users\Jesus\Downloads\Practica4\Practica4\TABLA7SEG.ASM
                TABLADOPS   0x000032    program     static C:\Users\Jesus\Downloads\Practica4\Practica4\TABLA7SEG.ASM
              TABLADONOPS   0x000037    program     static C:\Users\Jesus\Downloads\Practica4\Practica4\TABLA7SEG.ASM
                 TABLADO#   0x00003c    program     static C:\Users\Jesus\Downloads\Practica4\Practica4\TABLA7SEG.ASM
               TABLADOPS#   0x000041    program     static C:\Users\Jesus\Downloads\Practica4\Practica4\TABLA7SEG.ASM
             TABLADO#NOPS   0x000046    program     static C:\Users\Jesus\Downloads\Practica4\Practica4\TABLA7SEG.ASM
                  TABLARE   0x00004b    program     static C:\Users\Jesus\Downloads\Practica4\Practica4\TABLA7SEG.ASM
                TABLAREPS   0x000050    program     static C:\Users\Jesus\Downloads\Practica4\Practica4\TABLA7SEG.ASM
              TABLARENOPS   0x000055    program     static C:\Users\Jesus\Downloads\Practica4\Practica4\TABLA7SEG.ASM
                 TABLARE#   0x00005a    program     static C:\Users\Jesus\Downloads\Practica4\Practica4\TABLA7SEG.ASM
               TABLAREPS#   0x00005f    program     static C:\Users\Jesus\Downloads\Practica4\Practica4\TABLA7SEG.ASM
             TABLARE#NOPS   0x000064    program     static C:\Users\Jesus\Downloads\Practica4\Practica4\TABLA7SEG.ASM
                  TABLAMI   0x000069    program     static C:\Users\Jesus\Downloads\Practica4\Practica4\TABLA7SEG.ASM
                TABLAMIPS   0x00006e    program     static C:\Users\Jesus\Downloads\Practica4\Practica4\TABLA7SEG.ASM
              TABLAMINOPS   0x000073    program     static C:\Users\Jesus\Downloads\Practica4\Practica4\TABLA7SEG.ASM
                  TABLAFA   0x000078    program     static C:\Users\Jesus\Downloads\Practica4\Practica4\TABLA7SEG.ASM
                TABLAFAPS   0x00007d    program     static C:\Users\Jesus\Downloads\Practica4\Practica4\TABLA7SEG.ASM
              TABLAFANOPS   0x000082    program     static C:\Users\Jesus\Downloads\Practica4\Practica4\TABLA7SEG.ASM
                 TABLAFA#   0x000087    program     static C:\Users\Jesus\Downloads\Practica4\Practica4\TABLA7SEG.ASM
               TABLAFAPS#   0x00008c    program     static C:\Users\Jesus\Downloads\Practica4\Practica4\TABLA7SEG.ASM
             TABLAFA#NOPS   0x000091    program     static C:\Users\Jesus\Downloads\Practica4\Practica4\TABLA7SEG.ASM
                 TABLASOL   0x000096    program     static C:\Users\Jesus\Downloads\Practica4\Practica4\TABLA7SEG.ASM
               TABLASOLPS   0x00009b    program     static C:\Users\Jesus\Downloads\Practica4\Practica4\TABLA7SEG.ASM
             TABLASOLNOPS   0x0000a0    program     static C:\Users\Jesus\Downloads\Practica4\Practica4\TABLA7SEG.ASM
                TABLASOL#   0x0000a5    program     static C:\Users\Jesus\Downloads\Practica4\Practica4\TABLA7SEG.ASM
              TABLASOLPS#   0x0000aa    program     static C:\Users\Jesus\Downloads\Practica4\Practica4\TABLA7SEG.ASM
            TABLASOL#NOPS   0x0000af    program     static C:\Users\Jesus\Downloads\Practica4\Practica4\TABLA7SEG.ASM
                  TABLALA   0x0000b4    program     static C:\Users\Jesus\Downloads\Practica4\Practica4\TABLA7SEG.ASM
                TABLALAPS   0x0000b9    program     static C:\Users\Jesus\Downloads\Practica4\Practica4\TABLA7SEG.ASM
              TABLALANOPS   0x0000be    program     static C:\Users\Jesus\Downloads\Practica4\Practica4\TABLA7SEG.ASM
                 TABLALA#   0x0000c3    program     static C:\Users\Jesus\Downloads\Practica4\Practica4\TABLA7SEG.ASM
               TABLALAPS#   0x0000c8    program     static C:\Users\Jesus\Downloads\Practica4\Practica4\TABLA7SEG.ASM
             TABLALA#NOPS   0x0000cd    program     static C:\Users\Jesus\Downloads\Practica4\Practica4\TABLA7SEG.ASM
                  TABLASI   0x0000d2    program     static C:\Users\Jesus\Downloads\Practica4\Practica4\TABLA7SEG.ASM
                TABLASIPS   0x0000d7    program     static C:\Users\Jesus\Downloads\Practica4\Practica4\TABLA7SEG.ASM
              TABLASINOPS   0x0000dc    program     static C:\Users\Jesus\Downloads\Practica4\Practica4\TABLA7SEG.ASM
                     ST1V   0x0000e1    program     static C:\Users\Jesus\Downloads\Practica4\Practica4\SUBS_TIEMPO.ASM
                     ST2V   0x0000e7    program     static C:\Users\Jesus\Downloads\Practica4\Practica4\SUBS_TIEMPO.ASM
                  DECRE2V   0x0000e9    program     static C:\Users\Jesus\Downloads\Practica4\Practica4\SUBS_TIEMPO.ASM
                     ST3V   0x0000f1    program     static C:\Users\Jesus\Downloads\Practica4\Practica4\SUBS_TIEMPO.ASM
                RECARGA3V   0x0000f3    program     static C:\Users\Jesus\Downloads\Practica4\Practica4\SUBS_TIEMPO.ASM
                  DECRE3V   0x0000f5    program     static C:\Users\Jesus\Downloads\Practica4\Practica4\SUBS_TIEMPO.ASM
                   INICIO   0x0000ff    program     static C:\Users\Jesus\Downloads\Practica4\Practica4\PRUEBA.asm
                   LIMP_6   0x00012a    program     static C:\Users\Jesus\Downloads\Practica4\Practica4\PRUEBA.asm
                   LIMP_5   0x00012b    program     static C:\Users\Jesus\Downloads\Practica4\Practica4\PRUEBA.asm
                   LIMP_4   0x00012c    program     static C:\Users\Jesus\Downloads\Practica4\Practica4\PRUEBA.asm
                   LIMP_3   0x00012d    program     static C:\Users\Jesus\Downloads\Practica4\Practica4\PRUEBA.asm
                   LIMP_2   0x00012e    program     static C:\Users\Jesus\Downloads\Practica4\Practica4\PRUEBA.asm
                   LIMP_1   0x00012f    program     static C:\Users\Jesus\Downloads\Practica4\Practica4\PRUEBA.asm
               ASCENDENTE   0x000130    program     static C:\Users\Jesus\Downloads\Practica4\Practica4\PRUEBA.asm
                  NUEVE_6   0x000161    program     static C:\Users\Jesus\Downloads\Practica4\Practica4\PRUEBA.asm
                  NUEVE_5   0x000163    program     static C:\Users\Jesus\Downloads\Practica4\Practica4\PRUEBA.asm
                  NUEVE_4   0x000165    program     static C:\Users\Jesus\Downloads\Practica4\Practica4\PRUEBA.asm
                  NUEVE_3   0x000167    program     static C:\Users\Jesus\Downloads\Practica4\Practica4\PRUEBA.asm
                  NUEVE_2   0x000169    program     static C:\Users\Jesus\Downloads\Practica4\Practica4\PRUEBA.asm
                  NUEVE_1   0x00016b    program     static C:\Users\Jesus\Downloads\Practica4\Practica4\PRUEBA.asm
              DESCENDENTE   0x00016d    program     static C:\Users\Jesus\Downloads\Practica4\Practica4\PRUEBA.asm
                    PAUSA   0x000193    program     static C:\Users\Jesus\Downloads\Practica4\Practica4\PRUEBA.asm
             _.org_1_0198   0x000198    program     static C:\Users\Jesus\Downloads\Practica4\Practica4\PRUEBA.asm
                  MOSTRAR   0x00019c    program     static C:\Users\Jesus\Downloads\Practica4\Practica4\PRUEBA.asm
                  ASC_DES   0x0001c1    program     static C:\Users\Jesus\Downloads\Practica4\Practica4\PRUEBA.asm
             _.org_1_01C7   0x0001c7    program     static C:\Users\Jesus\Downloads\Practica4\Practica4\PRUEBA.asm
                  BOTONES   0x0001ca    program     static C:\Users\Jesus\Downloads\Practica4\Practica4\PRUEBA.asm
             _.org_1_01D6   0x0001d6    program     static C:\Users\Jesus\Downloads\Practica4\Practica4\PRUEBA.asm
                   REBOTE   0x0001d9    program     static C:\Users\Jesus\Downloads\Practica4\Practica4\PRUEBA.asm
                    _20E6   0x0001df    program     static C:\Users\Jesus\Downloads\Practica4\Practica4\PRUEBA.asm
                      RSI   0x0001e9    program     static C:\Users\Jesus\Downloads\Practica4\Practica4\PRUEBA.asm
                    FUEF0   0x0001ec    program     static C:\Users\Jesus\Downloads\Practica4\Practica4\PRUEBA.asm
                    FUEF1   0x0001f0    program     static C:\Users\Jesus\Downloads\Practica4\Practica4\PRUEBA.asm
                    FUEF2   0x0001f4    program     static C:\Users\Jesus\Downloads\Practica4\Practica4\PRUEBA.asm
                    FUEF3   0x0001f8    program     static C:\Users\Jesus\Downloads\Practica4\Practica4\PRUEBA.asm
                     FINF   0x0001f9    program     static C:\Users\Jesus\Downloads\Practica4\Practica4\PRUEBA.asm
                    FUEC1   0x000203    program     static C:\Users\Jesus\Downloads\Practica4\Practica4\PRUEBA.asm
                    FUEC2   0x000207    program     static C:\Users\Jesus\Downloads\Practica4\Practica4\PRUEBA.asm
                    FUEC3   0x00020b    program     static C:\Users\Jesus\Downloads\Practica4\Practica4\PRUEBA.asm
                    FUEC4   0x00020f    program     static C:\Users\Jesus\Downloads\Practica4\Practica4\PRUEBA.asm
                     FINC   0x000210    program     static C:\Users\Jesus\Downloads\Practica4\Practica4\PRUEBA.asm
                       DO   0x00024e    program     static C:\Users\Jesus\Downloads\Practica4\Practica4\PRUEBA.asm
                      DO#   0x00025f    program     static C:\Users\Jesus\Downloads\Practica4\Practica4\PRUEBA.asm
                       RE   0x000270    program     static C:\Users\Jesus\Downloads\Practica4\Practica4\PRUEBA.asm
                      RE#   0x000281    program     static C:\Users\Jesus\Downloads\Practica4\Practica4\PRUEBA.asm
                       MI   0x000292    program     static C:\Users\Jesus\Downloads\Practica4\Practica4\PRUEBA.asm
                       FA   0x0002a3    program     static C:\Users\Jesus\Downloads\Practica4\Practica4\PRUEBA.asm
                      FA#   0x0002b4    program     static C:\Users\Jesus\Downloads\Practica4\Practica4\PRUEBA.asm
                      SOL   0x0002c5    program     static C:\Users\Jesus\Downloads\Practica4\Practica4\PRUEBA.asm
                     SOL#   0x0002d6    program     static C:\Users\Jesus\Downloads\Practica4\Practica4\PRUEBA.asm
                       LA   0x0002e7    program     static C:\Users\Jesus\Downloads\Practica4\Practica4\PRUEBA.asm
                      LA#   0x0002f8    program     static C:\Users\Jesus\Downloads\Practica4\Practica4\PRUEBA.asm
                       SI   0x000309    program     static C:\Users\Jesus\Downloads\Practica4\Practica4\PRUEBA.asm
                  OCTAVA2   0x00031a    program     static C:\Users\Jesus\Downloads\Practica4\Practica4\PRUEBA.asm
             _.org_1_031F   0x00031f    program     static C:\Users\Jesus\Downloads\Practica4\Practica4\PRUEBA.asm
                  OCTAVA3   0x000322    program     static C:\Users\Jesus\Downloads\Practica4\Practica4\PRUEBA.asm
             _.org_1_0327   0x000327    program     static C:\Users\Jesus\Downloads\Practica4\Practica4\PRUEBA.asm
                  OCTAVA4   0x00032a    program     static C:\Users\Jesus\Downloads\Practica4\Practica4\PRUEBA.asm
             _.org_1_032F   0x00032f    program     static C:\Users\Jesus\Downloads\Practica4\Practica4\PRUEBA.asm
                  OCTAVA5   0x000332    program     static C:\Users\Jesus\Downloads\Practica4\Practica4\PRUEBA.asm
             _.org_1_0337   0x000337    program     static C:\Users\Jesus\Downloads\Practica4\Practica4\PRUEBA.asm
                      FIN   0x00033a    program     static C:\Users\Jesus\Downloads\Practica4\Practica4\PRUEBA.asm
                  OCTAVA?   0x000348    program     static C:\Users\Jesus\Downloads\Practica4\Practica4\PRUEBA.asm
             _.org_1_0349   0x000349    program     static C:\Users\Jesus\Downloads\Practica4\Practica4\PRUEBA.asm
             _.org_1_034D   0x00034d    program     static C:\Users\Jesus\Downloads\Practica4\Practica4\PRUEBA.asm
             _.org_1_0351   0x000351    program     static C:\Users\Jesus\Downloads\Practica4\Practica4\PRUEBA.asm
             _.org_1_0355   0x000355    program     static C:\Users\Jesus\Downloads\Practica4\Practica4\PRUEBA.asm
                    CARGA   0x000358    program     static C:\Users\Jesus\Downloads\Practica4\Practica4\PRUEBA.asm
                     NOTA   0x00035a    program     static C:\Users\Jesus\Downloads\Practica4\Practica4\PRUEBA.asm
                     TONO   0x00035e    program     static C:\Users\Jesus\Downloads\Practica4\Practica4\PRUEBA.asm
             _.org_1_0364   0x000364    program     static C:\Users\Jesus\Downloads\Practica4\Practica4\PRUEBA.asm
             _.org_1_0368   0x000368    program     static C:\Users\Jesus\Downloads\Practica4\Practica4\PRUEBA.asm


