MPLINK 4.47, Linker
Linker Map File - Created Sun May 06 16:23:20 2018

                                 Section Info
                  Section       Type    Address   Location Size(Bytes)
                ---------  ---------  ---------  ---------  ---------
                   .org_0       code   0x000000    program   0x000bd4
                   .cinit    romdata   0x0005ea    program   0x000004
 .config_2007_METRONOMO.O       code   0x002007    program   0x000002
 .config_2008_METRONOMO.O       code   0x002008    program   0x000002



                              Program Memory Usage 
                               Start         End      
                           ---------   ---------      
                            0x000000    0x0005eb      
                            0x002007    0x002008      
            1518 out of 8455 program addresses used, program memory utilization is 17%



                              Symbols - Sorted by Name
                     Name    Address   Location    Storage File                     
                ---------  ---------  ---------  --------- ---------                
                 ADAGIO_0   0x00022f    program     static C:\Users\Jesus\Documents\tareas\microcontroladores\pract2.2\metronomo.asm
                 ADAGIO_2   0x00023d    program     static C:\Users\Jesus\Documents\tareas\microcontroladores\pract2.2\metronomo.asm
                 ADAGIO_3   0x000257    program     static C:\Users\Jesus\Documents\tareas\microcontroladores\pract2.2\metronomo.asm
                 ADAGIO_4   0x000269    program     static C:\Users\Jesus\Documents\tareas\microcontroladores\pract2.2\metronomo.asm
                 ADAGIO_5   0x00027b    program     static C:\Users\Jesus\Documents\tareas\microcontroladores\pract2.2\metronomo.asm
                 ADAGIO_6   0x00028d    program     static C:\Users\Jesus\Documents\tareas\microcontroladores\pract2.2\metronomo.asm
                 ADAGIO_7   0x00029f    program     static C:\Users\Jesus\Documents\tareas\microcontroladores\pract2.2\metronomo.asm
                 ADAGIO_8   0x0002b1    program     static C:\Users\Jesus\Documents\tareas\microcontroladores\pract2.2\metronomo.asm
                ALLEGRO_0   0x0003ed    program     static C:\Users\Jesus\Documents\tareas\microcontroladores\pract2.2\metronomo.asm
                ALLEGRO_2   0x0003fa    program     static C:\Users\Jesus\Documents\tareas\microcontroladores\pract2.2\metronomo.asm
                ALLEGRO_3   0x000416    program     static C:\Users\Jesus\Documents\tareas\microcontroladores\pract2.2\metronomo.asm
                ALLEGRO_4   0x000428    program     static C:\Users\Jesus\Documents\tareas\microcontroladores\pract2.2\metronomo.asm
                ALLEGRO_5   0x00043a    program     static C:\Users\Jesus\Documents\tareas\microcontroladores\pract2.2\metronomo.asm
                ALLEGRO_6   0x00044c    program     static C:\Users\Jesus\Documents\tareas\microcontroladores\pract2.2\metronomo.asm
                ALLEGRO_7   0x00045e    program     static C:\Users\Jesus\Documents\tareas\microcontroladores\pract2.2\metronomo.asm
                ALLEGRO_8   0x000470    program     static C:\Users\Jesus\Documents\tareas\microcontroladores\pract2.2\metronomo.asm
                     AL_3   0x00058b    program     static C:\Users\Jesus\Documents\tareas\microcontroladores\pract2.2\metronomo.asm
                     AL_4   0x000595    program     static C:\Users\Jesus\Documents\tareas\microcontroladores\pract2.2\metronomo.asm
                     AL_5   0x00059b    program     static C:\Users\Jesus\Documents\tareas\microcontroladores\pract2.2\metronomo.asm
                     AL_6   0x0005a1    program     static C:\Users\Jesus\Documents\tareas\microcontroladores\pract2.2\metronomo.asm
                     AL_7   0x0005aa    program     static C:\Users\Jesus\Documents\tareas\microcontroladores\pract2.2\metronomo.asm
                     AL_8   0x0005b2    program     static C:\Users\Jesus\Documents\tareas\microcontroladores\pract2.2\metronomo.asm
                ANDANTE_0   0x0002c3    program     static C:\Users\Jesus\Documents\tareas\microcontroladores\pract2.2\metronomo.asm
                ANDANTE_2   0x0002d0    program     static C:\Users\Jesus\Documents\tareas\microcontroladores\pract2.2\metronomo.asm
                ANDANTE_3   0x0002ee    program     static C:\Users\Jesus\Documents\tareas\microcontroladores\pract2.2\metronomo.asm
                ANDANTE_4   0x000300    program     static C:\Users\Jesus\Documents\tareas\microcontroladores\pract2.2\metronomo.asm
                ANDANTE_5   0x000312    program     static C:\Users\Jesus\Documents\tareas\microcontroladores\pract2.2\metronomo.asm
                ANDANTE_6   0x000324    program     static C:\Users\Jesus\Documents\tareas\microcontroladores\pract2.2\metronomo.asm
                ANDANTE_7   0x000336    program     static C:\Users\Jesus\Documents\tareas\microcontroladores\pract2.2\metronomo.asm
                ANDANTE_8   0x000348    program     static C:\Users\Jesus\Documents\tareas\microcontroladores\pract2.2\metronomo.asm
                    ANT_3   0x00052e    program     static C:\Users\Jesus\Documents\tareas\microcontroladores\pract2.2\metronomo.asm
                    ANT_4   0x000538    program     static C:\Users\Jesus\Documents\tareas\microcontroladores\pract2.2\metronomo.asm
                    ANT_5   0x000546    program     static C:\Users\Jesus\Documents\tareas\microcontroladores\pract2.2\metronomo.asm
                    ANT_6   0x00054f    program     static C:\Users\Jesus\Documents\tareas\microcontroladores\pract2.2\metronomo.asm
                    ANT_7   0x000555    program     static C:\Users\Jesus\Documents\tareas\microcontroladores\pract2.2\metronomo.asm
                    ANT_8   0x00055d    program     static C:\Users\Jesus\Documents\tareas\microcontroladores\pract2.2\metronomo.asm
                     AN_3   0x000502    program     static C:\Users\Jesus\Documents\tareas\microcontroladores\pract2.2\metronomo.asm
                     AN_4   0x00050b    program     static C:\Users\Jesus\Documents\tareas\microcontroladores\pract2.2\metronomo.asm
                     AN_5   0x000513    program     static C:\Users\Jesus\Documents\tareas\microcontroladores\pract2.2\metronomo.asm
                     AN_6   0x00051b    program     static C:\Users\Jesus\Documents\tareas\microcontroladores\pract2.2\metronomo.asm
                     AN_7   0x000521    program     static C:\Users\Jesus\Documents\tareas\microcontroladores\pract2.2\metronomo.asm
                     AN_8   0x000528    program     static C:\Users\Jesus\Documents\tareas\microcontroladores\pract2.2\metronomo.asm
                  DECRE2V   0x0005d4    program     static C:\Users\Jesus\Documents\tareas\microcontroladores\pract2.2\SUBS_TIEMPO.ASM
                  DECRE3V   0x0005e0    program     static C:\Users\Jesus\Documents\tareas\microcontroladores\pract2.2\SUBS_TIEMPO.ASM
                   INICIO   0x00000c    program     static C:\Users\Jesus\Documents\tareas\microcontroladores\pract2.2\metronomo.asm
              LARGHETTO_0   0x000107    program     static C:\Users\Jesus\Documents\tareas\microcontroladores\pract2.2\metronomo.asm
              LARGHETTO_2   0x000114    program     static C:\Users\Jesus\Documents\tareas\microcontroladores\pract2.2\metronomo.asm
              LARGHETTO_3   0x00012e    program     static C:\Users\Jesus\Documents\tareas\microcontroladores\pract2.2\metronomo.asm
              LARGHETTO_4   0x000140    program     static C:\Users\Jesus\Documents\tareas\microcontroladores\pract2.2\metronomo.asm
              LARGHETTO_5   0x000152    program     static C:\Users\Jesus\Documents\tareas\microcontroladores\pract2.2\metronomo.asm
              LARGHETTO_6   0x000164    program     static C:\Users\Jesus\Documents\tareas\microcontroladores\pract2.2\metronomo.asm
              LARGHETTO_7   0x000176    program     static C:\Users\Jesus\Documents\tareas\microcontroladores\pract2.2\metronomo.asm
              LARGHETTO_8   0x000188    program     static C:\Users\Jesus\Documents\tareas\microcontroladores\pract2.2\metronomo.asm
                  LARGO_0   0x00019a    program     static C:\Users\Jesus\Documents\tareas\microcontroladores\pract2.2\metronomo.asm
                  LARGO_2   0x0001a7    program     static C:\Users\Jesus\Documents\tareas\microcontroladores\pract2.2\metronomo.asm
                  LARGO_3   0x0001c3    program     static C:\Users\Jesus\Documents\tareas\microcontroladores\pract2.2\metronomo.asm
                  LARGO_4   0x0001d5    program     static C:\Users\Jesus\Documents\tareas\microcontroladores\pract2.2\metronomo.asm
                  LARGO_5   0x0001e7    program     static C:\Users\Jesus\Documents\tareas\microcontroladores\pract2.2\metronomo.asm
                  LARGO_6   0x0001f9    program     static C:\Users\Jesus\Documents\tareas\microcontroladores\pract2.2\metronomo.asm
                  LARGO_7   0x00020b    program     static C:\Users\Jesus\Documents\tareas\microcontroladores\pract2.2\metronomo.asm
                  LARGO_8   0x00021d    program     static C:\Users\Jesus\Documents\tareas\microcontroladores\pract2.2\metronomo.asm
               MODERATO_0   0x00035a    program     static C:\Users\Jesus\Documents\tareas\microcontroladores\pract2.2\metronomo.asm
               MODERATO_2   0x000367    program     static C:\Users\Jesus\Documents\tareas\microcontroladores\pract2.2\metronomo.asm
               MODERATO_3   0x000381    program     static C:\Users\Jesus\Documents\tareas\microcontroladores\pract2.2\metronomo.asm
               MODERATO_4   0x000393    program     static C:\Users\Jesus\Documents\tareas\microcontroladores\pract2.2\metronomo.asm
               MODERATO_5   0x0003a5    program     static C:\Users\Jesus\Documents\tareas\microcontroladores\pract2.2\metronomo.asm
               MODERATO_6   0x0003b7    program     static C:\Users\Jesus\Documents\tareas\microcontroladores\pract2.2\metronomo.asm
               MODERATO_7   0x0003c9    program     static C:\Users\Jesus\Documents\tareas\microcontroladores\pract2.2\metronomo.asm
               MODERATO_8   0x0003db    program     static C:\Users\Jesus\Documents\tareas\microcontroladores\pract2.2\metronomo.asm
                    MOD_3   0x000563    program     static C:\Users\Jesus\Documents\tareas\microcontroladores\pract2.2\metronomo.asm
                    MOD_4   0x00056b    program     static C:\Users\Jesus\Documents\tareas\microcontroladores\pract2.2\metronomo.asm
                    MOD_5   0x000571    program     static C:\Users\Jesus\Documents\tareas\microcontroladores\pract2.2\metronomo.asm
                    MOD_6   0x000577    program     static C:\Users\Jesus\Documents\tareas\microcontroladores\pract2.2\metronomo.asm
                    MOD_7   0x00057d    program     static C:\Users\Jesus\Documents\tareas\microcontroladores\pract2.2\metronomo.asm
                    MOD_8   0x000585    program     static C:\Users\Jesus\Documents\tareas\microcontroladores\pract2.2\metronomo.asm
              PRESTISSIMO   0x000490    program     static C:\Users\Jesus\Documents\tareas\microcontroladores\pract2.2\metronomo.asm
                   PRESTO   0x000482    program     static C:\Users\Jesus\Documents\tareas\microcontroladores\pract2.2\metronomo.asm
                   REBOTE   0x0005c6    program     static C:\Users\Jesus\Documents\tareas\microcontroladores\pract2.2\metronomo.asm
                RECARGA3V   0x0005de    program     static C:\Users\Jesus\Documents\tareas\microcontroladores\pract2.2\SUBS_TIEMPO.ASM
                     ST1V   0x0005cc    program     static C:\Users\Jesus\Documents\tareas\microcontroladores\pract2.2\SUBS_TIEMPO.ASM
                     ST2V   0x0005d2    program     static C:\Users\Jesus\Documents\tareas\microcontroladores\pract2.2\SUBS_TIEMPO.ASM
                     ST3V   0x0005dc    program     static C:\Users\Jesus\Documents\tareas\microcontroladores\pract2.2\SUBS_TIEMPO.ASM
                    TLA_3   0x0004cc    program     static C:\Users\Jesus\Documents\tareas\microcontroladores\pract2.2\metronomo.asm
                    TLA_4   0x0004d5    program     static C:\Users\Jesus\Documents\tareas\microcontroladores\pract2.2\metronomo.asm
                    TLA_5   0x0004dd    program     static C:\Users\Jesus\Documents\tareas\microcontroladores\pract2.2\metronomo.asm
                    TLA_6   0x0004e8    program     static C:\Users\Jesus\Documents\tareas\microcontroladores\pract2.2\metronomo.asm
                    TLA_7   0x0004ee    program     static C:\Users\Jesus\Documents\tareas\microcontroladores\pract2.2\metronomo.asm
                    TLA_8   0x0004f6    program     static C:\Users\Jesus\Documents\tareas\microcontroladores\pract2.2\metronomo.asm
                    TLO_3   0x00049e    program     static C:\Users\Jesus\Documents\tareas\microcontroladores\pract2.2\metronomo.asm
                    TLO_4   0x0004a8    program     static C:\Users\Jesus\Documents\tareas\microcontroladores\pract2.2\metronomo.asm
                    TLO_5   0x0004ae    program     static C:\Users\Jesus\Documents\tareas\microcontroladores\pract2.2\metronomo.asm
                    TLO_6   0x0004b4    program     static C:\Users\Jesus\Documents\tareas\microcontroladores\pract2.2\metronomo.asm
                    TLO_7   0x0004c0    program     static C:\Users\Jesus\Documents\tareas\microcontroladores\pract2.2\metronomo.asm
                    TLO_8   0x0004c6    program     static C:\Users\Jesus\Documents\tareas\microcontroladores\pract2.2\metronomo.asm
             _.org_0_013E   0x00013e    program     static C:\Users\Jesus\Documents\tareas\microcontroladores\pract2.2\metronomo.asm
             _.org_0_0150   0x000150    program     static C:\Users\Jesus\Documents\tareas\microcontroladores\pract2.2\metronomo.asm
             _.org_0_0162   0x000162    program     static C:\Users\Jesus\Documents\tareas\microcontroladores\pract2.2\metronomo.asm
             _.org_0_0174   0x000174    program     static C:\Users\Jesus\Documents\tareas\microcontroladores\pract2.2\metronomo.asm
             _.org_0_0186   0x000186    program     static C:\Users\Jesus\Documents\tareas\microcontroladores\pract2.2\metronomo.asm
             _.org_0_0198   0x000198    program     static C:\Users\Jesus\Documents\tareas\microcontroladores\pract2.2\metronomo.asm
             _.org_0_01D3   0x0001d3    program     static C:\Users\Jesus\Documents\tareas\microcontroladores\pract2.2\metronomo.asm
             _.org_0_01E5   0x0001e5    program     static C:\Users\Jesus\Documents\tareas\microcontroladores\pract2.2\metronomo.asm
             _.org_0_01F7   0x0001f7    program     static C:\Users\Jesus\Documents\tareas\microcontroladores\pract2.2\metronomo.asm
             _.org_0_0209   0x000209    program     static C:\Users\Jesus\Documents\tareas\microcontroladores\pract2.2\metronomo.asm
             _.org_0_021B   0x00021b    program     static C:\Users\Jesus\Documents\tareas\microcontroladores\pract2.2\metronomo.asm
             _.org_0_022D   0x00022d    program     static C:\Users\Jesus\Documents\tareas\microcontroladores\pract2.2\metronomo.asm
             _.org_0_0267   0x000267    program     static C:\Users\Jesus\Documents\tareas\microcontroladores\pract2.2\metronomo.asm
             _.org_0_0279   0x000279    program     static C:\Users\Jesus\Documents\tareas\microcontroladores\pract2.2\metronomo.asm
             _.org_0_028B   0x00028b    program     static C:\Users\Jesus\Documents\tareas\microcontroladores\pract2.2\metronomo.asm
             _.org_0_029D   0x00029d    program     static C:\Users\Jesus\Documents\tareas\microcontroladores\pract2.2\metronomo.asm
             _.org_0_02AF   0x0002af    program     static C:\Users\Jesus\Documents\tareas\microcontroladores\pract2.2\metronomo.asm
             _.org_0_02C1   0x0002c1    program     static C:\Users\Jesus\Documents\tareas\microcontroladores\pract2.2\metronomo.asm
             _.org_0_02FE   0x0002fe    program     static C:\Users\Jesus\Documents\tareas\microcontroladores\pract2.2\metronomo.asm
             _.org_0_0310   0x000310    program     static C:\Users\Jesus\Documents\tareas\microcontroladores\pract2.2\metronomo.asm
             _.org_0_0322   0x000322    program     static C:\Users\Jesus\Documents\tareas\microcontroladores\pract2.2\metronomo.asm
             _.org_0_0334   0x000334    program     static C:\Users\Jesus\Documents\tareas\microcontroladores\pract2.2\metronomo.asm
             _.org_0_0346   0x000346    program     static C:\Users\Jesus\Documents\tareas\microcontroladores\pract2.2\metronomo.asm
             _.org_0_0358   0x000358    program     static C:\Users\Jesus\Documents\tareas\microcontroladores\pract2.2\metronomo.asm
             _.org_0_0391   0x000391    program     static C:\Users\Jesus\Documents\tareas\microcontroladores\pract2.2\metronomo.asm
             _.org_0_03A3   0x0003a3    program     static C:\Users\Jesus\Documents\tareas\microcontroladores\pract2.2\metronomo.asm
             _.org_0_03B5   0x0003b5    program     static C:\Users\Jesus\Documents\tareas\microcontroladores\pract2.2\metronomo.asm
             _.org_0_03C7   0x0003c7    program     static C:\Users\Jesus\Documents\tareas\microcontroladores\pract2.2\metronomo.asm
             _.org_0_03D9   0x0003d9    program     static C:\Users\Jesus\Documents\tareas\microcontroladores\pract2.2\metronomo.asm
             _.org_0_03EB   0x0003eb    program     static C:\Users\Jesus\Documents\tareas\microcontroladores\pract2.2\metronomo.asm
             _.org_0_0426   0x000426    program     static C:\Users\Jesus\Documents\tareas\microcontroladores\pract2.2\metronomo.asm
             _.org_0_0438   0x000438    program     static C:\Users\Jesus\Documents\tareas\microcontroladores\pract2.2\metronomo.asm
             _.org_0_044A   0x00044a    program     static C:\Users\Jesus\Documents\tareas\microcontroladores\pract2.2\metronomo.asm
             _.org_0_045C   0x00045c    program     static C:\Users\Jesus\Documents\tareas\microcontroladores\pract2.2\metronomo.asm
             _.org_0_046E   0x00046e    program     static C:\Users\Jesus\Documents\tareas\microcontroladores\pract2.2\metronomo.asm
             _.org_0_0480   0x000480    program     static C:\Users\Jesus\Documents\tareas\microcontroladores\pract2.2\metronomo.asm
                    _10MS   0x0005b8    program     static C:\Users\Jesus\Documents\tareas\microcontroladores\pract2.2\metronomo.asm
                    _20MS   0x0005bf    program     static C:\Users\Jesus\Documents\tareas\microcontroladores\pract2.2\metronomo.asm



                              Symbols - Sorted by Address
                     Name    Address   Location    Storage File                     
                ---------  ---------  ---------  --------- ---------                
                   INICIO   0x00000c    program     static C:\Users\Jesus\Documents\tareas\microcontroladores\pract2.2\metronomo.asm
              LARGHETTO_0   0x000107    program     static C:\Users\Jesus\Documents\tareas\microcontroladores\pract2.2\metronomo.asm
              LARGHETTO_2   0x000114    program     static C:\Users\Jesus\Documents\tareas\microcontroladores\pract2.2\metronomo.asm
              LARGHETTO_3   0x00012e    program     static C:\Users\Jesus\Documents\tareas\microcontroladores\pract2.2\metronomo.asm
             _.org_0_013E   0x00013e    program     static C:\Users\Jesus\Documents\tareas\microcontroladores\pract2.2\metronomo.asm
              LARGHETTO_4   0x000140    program     static C:\Users\Jesus\Documents\tareas\microcontroladores\pract2.2\metronomo.asm
             _.org_0_0150   0x000150    program     static C:\Users\Jesus\Documents\tareas\microcontroladores\pract2.2\metronomo.asm
              LARGHETTO_5   0x000152    program     static C:\Users\Jesus\Documents\tareas\microcontroladores\pract2.2\metronomo.asm
             _.org_0_0162   0x000162    program     static C:\Users\Jesus\Documents\tareas\microcontroladores\pract2.2\metronomo.asm
              LARGHETTO_6   0x000164    program     static C:\Users\Jesus\Documents\tareas\microcontroladores\pract2.2\metronomo.asm
             _.org_0_0174   0x000174    program     static C:\Users\Jesus\Documents\tareas\microcontroladores\pract2.2\metronomo.asm
              LARGHETTO_7   0x000176    program     static C:\Users\Jesus\Documents\tareas\microcontroladores\pract2.2\metronomo.asm
             _.org_0_0186   0x000186    program     static C:\Users\Jesus\Documents\tareas\microcontroladores\pract2.2\metronomo.asm
              LARGHETTO_8   0x000188    program     static C:\Users\Jesus\Documents\tareas\microcontroladores\pract2.2\metronomo.asm
             _.org_0_0198   0x000198    program     static C:\Users\Jesus\Documents\tareas\microcontroladores\pract2.2\metronomo.asm
                  LARGO_0   0x00019a    program     static C:\Users\Jesus\Documents\tareas\microcontroladores\pract2.2\metronomo.asm
                  LARGO_2   0x0001a7    program     static C:\Users\Jesus\Documents\tareas\microcontroladores\pract2.2\metronomo.asm
                  LARGO_3   0x0001c3    program     static C:\Users\Jesus\Documents\tareas\microcontroladores\pract2.2\metronomo.asm
             _.org_0_01D3   0x0001d3    program     static C:\Users\Jesus\Documents\tareas\microcontroladores\pract2.2\metronomo.asm
                  LARGO_4   0x0001d5    program     static C:\Users\Jesus\Documents\tareas\microcontroladores\pract2.2\metronomo.asm
             _.org_0_01E5   0x0001e5    program     static C:\Users\Jesus\Documents\tareas\microcontroladores\pract2.2\metronomo.asm
                  LARGO_5   0x0001e7    program     static C:\Users\Jesus\Documents\tareas\microcontroladores\pract2.2\metronomo.asm
             _.org_0_01F7   0x0001f7    program     static C:\Users\Jesus\Documents\tareas\microcontroladores\pract2.2\metronomo.asm
                  LARGO_6   0x0001f9    program     static C:\Users\Jesus\Documents\tareas\microcontroladores\pract2.2\metronomo.asm
             _.org_0_0209   0x000209    program     static C:\Users\Jesus\Documents\tareas\microcontroladores\pract2.2\metronomo.asm
                  LARGO_7   0x00020b    program     static C:\Users\Jesus\Documents\tareas\microcontroladores\pract2.2\metronomo.asm
             _.org_0_021B   0x00021b    program     static C:\Users\Jesus\Documents\tareas\microcontroladores\pract2.2\metronomo.asm
                  LARGO_8   0x00021d    program     static C:\Users\Jesus\Documents\tareas\microcontroladores\pract2.2\metronomo.asm
             _.org_0_022D   0x00022d    program     static C:\Users\Jesus\Documents\tareas\microcontroladores\pract2.2\metronomo.asm
                 ADAGIO_0   0x00022f    program     static C:\Users\Jesus\Documents\tareas\microcontroladores\pract2.2\metronomo.asm
                 ADAGIO_2   0x00023d    program     static C:\Users\Jesus\Documents\tareas\microcontroladores\pract2.2\metronomo.asm
                 ADAGIO_3   0x000257    program     static C:\Users\Jesus\Documents\tareas\microcontroladores\pract2.2\metronomo.asm
             _.org_0_0267   0x000267    program     static C:\Users\Jesus\Documents\tareas\microcontroladores\pract2.2\metronomo.asm
                 ADAGIO_4   0x000269    program     static C:\Users\Jesus\Documents\tareas\microcontroladores\pract2.2\metronomo.asm
             _.org_0_0279   0x000279    program     static C:\Users\Jesus\Documents\tareas\microcontroladores\pract2.2\metronomo.asm
                 ADAGIO_5   0x00027b    program     static C:\Users\Jesus\Documents\tareas\microcontroladores\pract2.2\metronomo.asm
             _.org_0_028B   0x00028b    program     static C:\Users\Jesus\Documents\tareas\microcontroladores\pract2.2\metronomo.asm
                 ADAGIO_6   0x00028d    program     static C:\Users\Jesus\Documents\tareas\microcontroladores\pract2.2\metronomo.asm
             _.org_0_029D   0x00029d    program     static C:\Users\Jesus\Documents\tareas\microcontroladores\pract2.2\metronomo.asm
                 ADAGIO_7   0x00029f    program     static C:\Users\Jesus\Documents\tareas\microcontroladores\pract2.2\metronomo.asm
             _.org_0_02AF   0x0002af    program     static C:\Users\Jesus\Documents\tareas\microcontroladores\pract2.2\metronomo.asm
                 ADAGIO_8   0x0002b1    program     static C:\Users\Jesus\Documents\tareas\microcontroladores\pract2.2\metronomo.asm
             _.org_0_02C1   0x0002c1    program     static C:\Users\Jesus\Documents\tareas\microcontroladores\pract2.2\metronomo.asm
                ANDANTE_0   0x0002c3    program     static C:\Users\Jesus\Documents\tareas\microcontroladores\pract2.2\metronomo.asm
                ANDANTE_2   0x0002d0    program     static C:\Users\Jesus\Documents\tareas\microcontroladores\pract2.2\metronomo.asm
                ANDANTE_3   0x0002ee    program     static C:\Users\Jesus\Documents\tareas\microcontroladores\pract2.2\metronomo.asm
             _.org_0_02FE   0x0002fe    program     static C:\Users\Jesus\Documents\tareas\microcontroladores\pract2.2\metronomo.asm
                ANDANTE_4   0x000300    program     static C:\Users\Jesus\Documents\tareas\microcontroladores\pract2.2\metronomo.asm
             _.org_0_0310   0x000310    program     static C:\Users\Jesus\Documents\tareas\microcontroladores\pract2.2\metronomo.asm
                ANDANTE_5   0x000312    program     static C:\Users\Jesus\Documents\tareas\microcontroladores\pract2.2\metronomo.asm
             _.org_0_0322   0x000322    program     static C:\Users\Jesus\Documents\tareas\microcontroladores\pract2.2\metronomo.asm
                ANDANTE_6   0x000324    program     static C:\Users\Jesus\Documents\tareas\microcontroladores\pract2.2\metronomo.asm
             _.org_0_0334   0x000334    program     static C:\Users\Jesus\Documents\tareas\microcontroladores\pract2.2\metronomo.asm
                ANDANTE_7   0x000336    program     static C:\Users\Jesus\Documents\tareas\microcontroladores\pract2.2\metronomo.asm
             _.org_0_0346   0x000346    program     static C:\Users\Jesus\Documents\tareas\microcontroladores\pract2.2\metronomo.asm
                ANDANTE_8   0x000348    program     static C:\Users\Jesus\Documents\tareas\microcontroladores\pract2.2\metronomo.asm
             _.org_0_0358   0x000358    program     static C:\Users\Jesus\Documents\tareas\microcontroladores\pract2.2\metronomo.asm
               MODERATO_0   0x00035a    program     static C:\Users\Jesus\Documents\tareas\microcontroladores\pract2.2\metronomo.asm
               MODERATO_2   0x000367    program     static C:\Users\Jesus\Documents\tareas\microcontroladores\pract2.2\metronomo.asm
               MODERATO_3   0x000381    program     static C:\Users\Jesus\Documents\tareas\microcontroladores\pract2.2\metronomo.asm
             _.org_0_0391   0x000391    program     static C:\Users\Jesus\Documents\tareas\microcontroladores\pract2.2\metronomo.asm
               MODERATO_4   0x000393    program     static C:\Users\Jesus\Documents\tareas\microcontroladores\pract2.2\metronomo.asm
             _.org_0_03A3   0x0003a3    program     static C:\Users\Jesus\Documents\tareas\microcontroladores\pract2.2\metronomo.asm
               MODERATO_5   0x0003a5    program     static C:\Users\Jesus\Documents\tareas\microcontroladores\pract2.2\metronomo.asm
             _.org_0_03B5   0x0003b5    program     static C:\Users\Jesus\Documents\tareas\microcontroladores\pract2.2\metronomo.asm
               MODERATO_6   0x0003b7    program     static C:\Users\Jesus\Documents\tareas\microcontroladores\pract2.2\metronomo.asm
             _.org_0_03C7   0x0003c7    program     static C:\Users\Jesus\Documents\tareas\microcontroladores\pract2.2\metronomo.asm
               MODERATO_7   0x0003c9    program     static C:\Users\Jesus\Documents\tareas\microcontroladores\pract2.2\metronomo.asm
             _.org_0_03D9   0x0003d9    program     static C:\Users\Jesus\Documents\tareas\microcontroladores\pract2.2\metronomo.asm
               MODERATO_8   0x0003db    program     static C:\Users\Jesus\Documents\tareas\microcontroladores\pract2.2\metronomo.asm
             _.org_0_03EB   0x0003eb    program     static C:\Users\Jesus\Documents\tareas\microcontroladores\pract2.2\metronomo.asm
                ALLEGRO_0   0x0003ed    program     static C:\Users\Jesus\Documents\tareas\microcontroladores\pract2.2\metronomo.asm
                ALLEGRO_2   0x0003fa    program     static C:\Users\Jesus\Documents\tareas\microcontroladores\pract2.2\metronomo.asm
                ALLEGRO_3   0x000416    program     static C:\Users\Jesus\Documents\tareas\microcontroladores\pract2.2\metronomo.asm
             _.org_0_0426   0x000426    program     static C:\Users\Jesus\Documents\tareas\microcontroladores\pract2.2\metronomo.asm
                ALLEGRO_4   0x000428    program     static C:\Users\Jesus\Documents\tareas\microcontroladores\pract2.2\metronomo.asm
             _.org_0_0438   0x000438    program     static C:\Users\Jesus\Documents\tareas\microcontroladores\pract2.2\metronomo.asm
                ALLEGRO_5   0x00043a    program     static C:\Users\Jesus\Documents\tareas\microcontroladores\pract2.2\metronomo.asm
             _.org_0_044A   0x00044a    program     static C:\Users\Jesus\Documents\tareas\microcontroladores\pract2.2\metronomo.asm
                ALLEGRO_6   0x00044c    program     static C:\Users\Jesus\Documents\tareas\microcontroladores\pract2.2\metronomo.asm
             _.org_0_045C   0x00045c    program     static C:\Users\Jesus\Documents\tareas\microcontroladores\pract2.2\metronomo.asm
                ALLEGRO_7   0x00045e    program     static C:\Users\Jesus\Documents\tareas\microcontroladores\pract2.2\metronomo.asm
             _.org_0_046E   0x00046e    program     static C:\Users\Jesus\Documents\tareas\microcontroladores\pract2.2\metronomo.asm
                ALLEGRO_8   0x000470    program     static C:\Users\Jesus\Documents\tareas\microcontroladores\pract2.2\metronomo.asm
             _.org_0_0480   0x000480    program     static C:\Users\Jesus\Documents\tareas\microcontroladores\pract2.2\metronomo.asm
                   PRESTO   0x000482    program     static C:\Users\Jesus\Documents\tareas\microcontroladores\pract2.2\metronomo.asm
              PRESTISSIMO   0x000490    program     static C:\Users\Jesus\Documents\tareas\microcontroladores\pract2.2\metronomo.asm
                    TLO_3   0x00049e    program     static C:\Users\Jesus\Documents\tareas\microcontroladores\pract2.2\metronomo.asm
                    TLO_4   0x0004a8    program     static C:\Users\Jesus\Documents\tareas\microcontroladores\pract2.2\metronomo.asm
                    TLO_5   0x0004ae    program     static C:\Users\Jesus\Documents\tareas\microcontroladores\pract2.2\metronomo.asm
                    TLO_6   0x0004b4    program     static C:\Users\Jesus\Documents\tareas\microcontroladores\pract2.2\metronomo.asm
                    TLO_7   0x0004c0    program     static C:\Users\Jesus\Documents\tareas\microcontroladores\pract2.2\metronomo.asm
                    TLO_8   0x0004c6    program     static C:\Users\Jesus\Documents\tareas\microcontroladores\pract2.2\metronomo.asm
                    TLA_3   0x0004cc    program     static C:\Users\Jesus\Documents\tareas\microcontroladores\pract2.2\metronomo.asm
                    TLA_4   0x0004d5    program     static C:\Users\Jesus\Documents\tareas\microcontroladores\pract2.2\metronomo.asm
                    TLA_5   0x0004dd    program     static C:\Users\Jesus\Documents\tareas\microcontroladores\pract2.2\metronomo.asm
                    TLA_6   0x0004e8    program     static C:\Users\Jesus\Documents\tareas\microcontroladores\pract2.2\metronomo.asm
                    TLA_7   0x0004ee    program     static C:\Users\Jesus\Documents\tareas\microcontroladores\pract2.2\metronomo.asm
                    TLA_8   0x0004f6    program     static C:\Users\Jesus\Documents\tareas\microcontroladores\pract2.2\metronomo.asm
                     AN_3   0x000502    program     static C:\Users\Jesus\Documents\tareas\microcontroladores\pract2.2\metronomo.asm
                     AN_4   0x00050b    program     static C:\Users\Jesus\Documents\tareas\microcontroladores\pract2.2\metronomo.asm
                     AN_5   0x000513    program     static C:\Users\Jesus\Documents\tareas\microcontroladores\pract2.2\metronomo.asm
                     AN_6   0x00051b    program     static C:\Users\Jesus\Documents\tareas\microcontroladores\pract2.2\metronomo.asm
                     AN_7   0x000521    program     static C:\Users\Jesus\Documents\tareas\microcontroladores\pract2.2\metronomo.asm
                     AN_8   0x000528    program     static C:\Users\Jesus\Documents\tareas\microcontroladores\pract2.2\metronomo.asm
                    ANT_3   0x00052e    program     static C:\Users\Jesus\Documents\tareas\microcontroladores\pract2.2\metronomo.asm
                    ANT_4   0x000538    program     static C:\Users\Jesus\Documents\tareas\microcontroladores\pract2.2\metronomo.asm
                    ANT_5   0x000546    program     static C:\Users\Jesus\Documents\tareas\microcontroladores\pract2.2\metronomo.asm
                    ANT_6   0x00054f    program     static C:\Users\Jesus\Documents\tareas\microcontroladores\pract2.2\metronomo.asm
                    ANT_7   0x000555    program     static C:\Users\Jesus\Documents\tareas\microcontroladores\pract2.2\metronomo.asm
                    ANT_8   0x00055d    program     static C:\Users\Jesus\Documents\tareas\microcontroladores\pract2.2\metronomo.asm
                    MOD_3   0x000563    program     static C:\Users\Jesus\Documents\tareas\microcontroladores\pract2.2\metronomo.asm
                    MOD_4   0x00056b    program     static C:\Users\Jesus\Documents\tareas\microcontroladores\pract2.2\metronomo.asm
                    MOD_5   0x000571    program     static C:\Users\Jesus\Documents\tareas\microcontroladores\pract2.2\metronomo.asm
                    MOD_6   0x000577    program     static C:\Users\Jesus\Documents\tareas\microcontroladores\pract2.2\metronomo.asm
                    MOD_7   0x00057d    program     static C:\Users\Jesus\Documents\tareas\microcontroladores\pract2.2\metronomo.asm
                    MOD_8   0x000585    program     static C:\Users\Jesus\Documents\tareas\microcontroladores\pract2.2\metronomo.asm
                     AL_3   0x00058b    program     static C:\Users\Jesus\Documents\tareas\microcontroladores\pract2.2\metronomo.asm
                     AL_4   0x000595    program     static C:\Users\Jesus\Documents\tareas\microcontroladores\pract2.2\metronomo.asm
                     AL_5   0x00059b    program     static C:\Users\Jesus\Documents\tareas\microcontroladores\pract2.2\metronomo.asm
                     AL_6   0x0005a1    program     static C:\Users\Jesus\Documents\tareas\microcontroladores\pract2.2\metronomo.asm
                     AL_7   0x0005aa    program     static C:\Users\Jesus\Documents\tareas\microcontroladores\pract2.2\metronomo.asm
                     AL_8   0x0005b2    program     static C:\Users\Jesus\Documents\tareas\microcontroladores\pract2.2\metronomo.asm
                    _10MS   0x0005b8    program     static C:\Users\Jesus\Documents\tareas\microcontroladores\pract2.2\metronomo.asm
                    _20MS   0x0005bf    program     static C:\Users\Jesus\Documents\tareas\microcontroladores\pract2.2\metronomo.asm
                   REBOTE   0x0005c6    program     static C:\Users\Jesus\Documents\tareas\microcontroladores\pract2.2\metronomo.asm
                     ST1V   0x0005cc    program     static C:\Users\Jesus\Documents\tareas\microcontroladores\pract2.2\SUBS_TIEMPO.ASM
                     ST2V   0x0005d2    program     static C:\Users\Jesus\Documents\tareas\microcontroladores\pract2.2\SUBS_TIEMPO.ASM
                  DECRE2V   0x0005d4    program     static C:\Users\Jesus\Documents\tareas\microcontroladores\pract2.2\SUBS_TIEMPO.ASM
                     ST3V   0x0005dc    program     static C:\Users\Jesus\Documents\tareas\microcontroladores\pract2.2\SUBS_TIEMPO.ASM
                RECARGA3V   0x0005de    program     static C:\Users\Jesus\Documents\tareas\microcontroladores\pract2.2\SUBS_TIEMPO.ASM
                  DECRE3V   0x0005e0    program     static C:\Users\Jesus\Documents\tareas\microcontroladores\pract2.2\SUBS_TIEMPO.ASM


