MPLINK 4.49, Linker
Linker Map File - Created Tue Mar 13 15:14:39 2018

                                 Section Info
                  Section       Type    Address   Location Size(Bytes)
                ---------  ---------  ---------  ---------  ---------
                   .org_0       code   0x000000    program   0x000000
                   .org_1       code   0x000000    program   0x000002
                   .org_2       code   0x000005    program   0x000008
    .config_2007_PRACT1.O       code   0x002007    program   0x000002



                              Program Memory Usage 
                               Start         End      
                           ---------   ---------      
                            0x000000    0x000000      
                            0x000005    0x000008      
                            0x002007    0x002007      
            6 out of 8454 program addresses used, program memory utilization is 0%



                              Symbols - Sorted by Name
                     Name    Address   Location    Storage File                     
                ---------  ---------  ---------  --------- ---------                
                   SINFIN   0x000008    program     static C:\Users\Silvia\Desktop\tareas\microcontroladores\prac1\pract1.asm



                              Symbols - Sorted by Address
                     Name    Address   Location    Storage File                     
                ---------  ---------  ---------  --------- ---------                
                   SINFIN   0x000008    program     static C:\Users\Silvia\Desktop\tareas\microcontroladores\prac1\pract1.asm


