MPLINK 4.47, Linker
Linker Map File - Created Fri Apr 13 20:29:22 2018

                                 Section Info
                  Section       Type    Address   Location Size(Bytes)
                ---------  ---------  ---------  ---------  ---------
                   .org_0       code   0x000000    program   0x000188
                   .cinit    romdata   0x0000c4    program   0x000004
     .config_2007_PRAC2.O       code   0x002007    program   0x000002
     .config_2008_PRAC2.O       code   0x002008    program   0x000002



                              Program Memory Usage 
                               Start         End      
                           ---------   ---------      
                            0x000000    0x0000c5      
                            0x002007    0x002008      
            200 out of 8455 program addresses used, program memory utilization is 2%



                              Symbols - Sorted by Name
                     Name    Address   Location    Storage File                     
                ---------  ---------  ---------  --------- ---------                
                ANGULO135   0x000087    program     static C:\Users\Jesus\Documents\tareas\microcontroladores\pract2\Prac2.asm
                 ANGULO45   0x000077    program     static C:\Users\Jesus\Documents\tareas\microcontroladores\pract2\Prac2.asm
                 ANGULO90   0x00007f    program     static C:\Users\Jesus\Documents\tareas\microcontroladores\pract2\Prac2.asm
                 BOTONRB0   0x00009e    program     static C:\Users\Jesus\Documents\tareas\microcontroladores\pract2\Prac2.asm
                  DECRE2V   0x0000ae    program     static C:\Users\Jesus\Documents\tareas\microcontroladores\lib\SUBS_TIEMPO.ASM
                  DECRE3V   0x0000ba    program     static C:\Users\Jesus\Documents\tareas\microcontroladores\lib\SUBS_TIEMPO.ASM
                 DIVISION   0x00005c    program     static C:\Users\Jesus\Documents\tareas\microcontroladores\pract2\Prac2.asm
                    LUCES   0x00009b    program     static C:\Users\Jesus\Documents\tareas\microcontroladores\pract2\Prac2.asm
                MULTIPLIC   0x000048    program     static C:\Users\Jesus\Documents\tareas\microcontroladores\pract2\Prac2.asm
                 PARPADEO   0x00009c    program     static C:\Users\Jesus\Documents\tareas\microcontroladores\pract2\Prac2.asm
                   REBOTE   0x00008f    program     static C:\Users\Jesus\Documents\tareas\microcontroladores\pract2\Prac2.asm
                RECARGA3V   0x0000b8    program     static C:\Users\Jesus\Documents\tareas\microcontroladores\lib\SUBS_TIEMPO.ASM
                    RESTA   0x00003e    program     static C:\Users\Jesus\Documents\tareas\microcontroladores\pract2\Prac2.asm
                     ST1V   0x0000a6    program     static C:\Users\Jesus\Documents\tareas\microcontroladores\lib\SUBS_TIEMPO.ASM
                     ST2V   0x0000ac    program     static C:\Users\Jesus\Documents\tareas\microcontroladores\lib\SUBS_TIEMPO.ASM
                     ST3V   0x0000b6    program     static C:\Users\Jesus\Documents\tareas\microcontroladores\lib\SUBS_TIEMPO.ASM
                     SUMA   0x000036    program     static C:\Users\Jesus\Documents\tareas\microcontroladores\pract2\Prac2.asm
              TIEMPOA_135   0x00009a    program     static C:\Users\Jesus\Documents\tareas\microcontroladores\pract2\Prac2.asm
               TIEMPOA_45   0x000096    program     static C:\Users\Jesus\Documents\tareas\microcontroladores\pract2\Prac2.asm
               TIEMPOA_90   0x000098    program     static C:\Users\Jesus\Documents\tareas\microcontroladores\pract2\Prac2.asm
              TIEMPOB_135   0x000099    program     static C:\Users\Jesus\Documents\tareas\microcontroladores\pract2\Prac2.asm
               TIEMPOB_45   0x000095    program     static C:\Users\Jesus\Documents\tareas\microcontroladores\pract2\Prac2.asm
               TIEMPOB_90   0x000097    program     static C:\Users\Jesus\Documents\tareas\microcontroladores\pract2\Prac2.asm
             _.org_0_0010   0x000010    program     static C:\Users\Jesus\Documents\tareas\microcontroladores\pract2\Prac2.asm
             _.org_0_0019   0x000019    program     static C:\Users\Jesus\Documents\tareas\microcontroladores\pract2\Prac2.asm
             _.org_0_0056   0x000056    program     static C:\Users\Jesus\Documents\tareas\microcontroladores\pract2\Prac2.asm
             _.org_0_0062   0x000062    program     static C:\Users\Jesus\Documents\tareas\microcontroladores\pract2\Prac2.asm
             _.org_0_006C   0x00006c    program     static C:\Users\Jesus\Documents\tareas\microcontroladores\pract2\Prac2.asm
             _.org_0_0070   0x000070    program     static C:\Users\Jesus\Documents\tareas\microcontroladores\pract2\Prac2.asm
             _.org_0_0071   0x000071    program     static C:\Users\Jesus\Documents\tareas\microcontroladores\pract2\Prac2.asm
             _.org_0_0078   0x000078    program     static C:\Users\Jesus\Documents\tareas\microcontroladores\pract2\Prac2.asm
             _.org_0_007E   0x00007e    program     static C:\Users\Jesus\Documents\tareas\microcontroladores\pract2\Prac2.asm
             _.org_0_0080   0x000080    program     static C:\Users\Jesus\Documents\tareas\microcontroladores\pract2\Prac2.asm
             _.org_0_0086   0x000086    program     static C:\Users\Jesus\Documents\tareas\microcontroladores\pract2\Prac2.asm
             _.org_0_0088   0x000088    program     static C:\Users\Jesus\Documents\tareas\microcontroladores\pract2\Prac2.asm
             _.org_0_008E   0x00008e    program     static C:\Users\Jesus\Documents\tareas\microcontroladores\pract2\Prac2.asm
             _.org_0_009F   0x00009f    program     static C:\Users\Jesus\Documents\tareas\microcontroladores\pract2\Prac2.asm
             _.org_0_00A2   0x0000a2    program     static C:\Users\Jesus\Documents\tareas\microcontroladores\pract2\Prac2.asm



                              Symbols - Sorted by Address
                     Name    Address   Location    Storage File                     
                ---------  ---------  ---------  --------- ---------                
             _.org_0_0010   0x000010    program     static C:\Users\Jesus\Documents\tareas\microcontroladores\pract2\Prac2.asm
             _.org_0_0019   0x000019    program     static C:\Users\Jesus\Documents\tareas\microcontroladores\pract2\Prac2.asm
                     SUMA   0x000036    program     static C:\Users\Jesus\Documents\tareas\microcontroladores\pract2\Prac2.asm
                    RESTA   0x00003e    program     static C:\Users\Jesus\Documents\tareas\microcontroladores\pract2\Prac2.asm
                MULTIPLIC   0x000048    program     static C:\Users\Jesus\Documents\tareas\microcontroladores\pract2\Prac2.asm
             _.org_0_0056   0x000056    program     static C:\Users\Jesus\Documents\tareas\microcontroladores\pract2\Prac2.asm
                 DIVISION   0x00005c    program     static C:\Users\Jesus\Documents\tareas\microcontroladores\pract2\Prac2.asm
             _.org_0_0062   0x000062    program     static C:\Users\Jesus\Documents\tareas\microcontroladores\pract2\Prac2.asm
             _.org_0_006C   0x00006c    program     static C:\Users\Jesus\Documents\tareas\microcontroladores\pract2\Prac2.asm
             _.org_0_0070   0x000070    program     static C:\Users\Jesus\Documents\tareas\microcontroladores\pract2\Prac2.asm
             _.org_0_0071   0x000071    program     static C:\Users\Jesus\Documents\tareas\microcontroladores\pract2\Prac2.asm
                 ANGULO45   0x000077    program     static C:\Users\Jesus\Documents\tareas\microcontroladores\pract2\Prac2.asm
             _.org_0_0078   0x000078    program     static C:\Users\Jesus\Documents\tareas\microcontroladores\pract2\Prac2.asm
             _.org_0_007E   0x00007e    program     static C:\Users\Jesus\Documents\tareas\microcontroladores\pract2\Prac2.asm
                 ANGULO90   0x00007f    program     static C:\Users\Jesus\Documents\tareas\microcontroladores\pract2\Prac2.asm
             _.org_0_0080   0x000080    program     static C:\Users\Jesus\Documents\tareas\microcontroladores\pract2\Prac2.asm
             _.org_0_0086   0x000086    program     static C:\Users\Jesus\Documents\tareas\microcontroladores\pract2\Prac2.asm
                ANGULO135   0x000087    program     static C:\Users\Jesus\Documents\tareas\microcontroladores\pract2\Prac2.asm
             _.org_0_0088   0x000088    program     static C:\Users\Jesus\Documents\tareas\microcontroladores\pract2\Prac2.asm
             _.org_0_008E   0x00008e    program     static C:\Users\Jesus\Documents\tareas\microcontroladores\pract2\Prac2.asm
                   REBOTE   0x00008f    program     static C:\Users\Jesus\Documents\tareas\microcontroladores\pract2\Prac2.asm
               TIEMPOB_45   0x000095    program     static C:\Users\Jesus\Documents\tareas\microcontroladores\pract2\Prac2.asm
               TIEMPOA_45   0x000096    program     static C:\Users\Jesus\Documents\tareas\microcontroladores\pract2\Prac2.asm
               TIEMPOB_90   0x000097    program     static C:\Users\Jesus\Documents\tareas\microcontroladores\pract2\Prac2.asm
               TIEMPOA_90   0x000098    program     static C:\Users\Jesus\Documents\tareas\microcontroladores\pract2\Prac2.asm
              TIEMPOB_135   0x000099    program     static C:\Users\Jesus\Documents\tareas\microcontroladores\pract2\Prac2.asm
              TIEMPOA_135   0x00009a    program     static C:\Users\Jesus\Documents\tareas\microcontroladores\pract2\Prac2.asm
                    LUCES   0x00009b    program     static C:\Users\Jesus\Documents\tareas\microcontroladores\pract2\Prac2.asm
                 PARPADEO   0x00009c    program     static C:\Users\Jesus\Documents\tareas\microcontroladores\pract2\Prac2.asm
                 BOTONRB0   0x00009e    program     static C:\Users\Jesus\Documents\tareas\microcontroladores\pract2\Prac2.asm
             _.org_0_009F   0x00009f    program     static C:\Users\Jesus\Documents\tareas\microcontroladores\pract2\Prac2.asm
             _.org_0_00A2   0x0000a2    program     static C:\Users\Jesus\Documents\tareas\microcontroladores\pract2\Prac2.asm
                     ST1V   0x0000a6    program     static C:\Users\Jesus\Documents\tareas\microcontroladores\lib\SUBS_TIEMPO.ASM
                     ST2V   0x0000ac    program     static C:\Users\Jesus\Documents\tareas\microcontroladores\lib\SUBS_TIEMPO.ASM
                  DECRE2V   0x0000ae    program     static C:\Users\Jesus\Documents\tareas\microcontroladores\lib\SUBS_TIEMPO.ASM
                     ST3V   0x0000b6    program     static C:\Users\Jesus\Documents\tareas\microcontroladores\lib\SUBS_TIEMPO.ASM
                RECARGA3V   0x0000b8    program     static C:\Users\Jesus\Documents\tareas\microcontroladores\lib\SUBS_TIEMPO.ASM
                  DECRE3V   0x0000ba    program     static C:\Users\Jesus\Documents\tareas\microcontroladores\lib\SUBS_TIEMPO.ASM


