MPASM  5.49                 TAREA_TECLADO.ASM   5-21-2018  22:31:28         PAGE  1


LOC  OBJECT CODE     LINE SOURCE TEXT
  VALUE

                      00001         PROCESSOR   16F887
2007   2BE2           00002                 __CONFIG    0X2007,0X2BE2
2008   3FFF           00003                                 __CONFIG        0X2008,0X3FFF
                      00004                 INCLUDE     <P16F887.INC>
                      00001         LIST
                      00002 
                      00003 ;==========================================================================
                      00004 ;  MPASM PIC16F887 processor include
                      00005 ; 
                      00006 ;  (c) Copyright 1999-2013 Microchip Technology, All rights reserved
                      00007 ;==========================================================================
                      00008 
                      00809         LIST
                      00005                                 CBLOCK          0X70
  00000070            00006                                 W_R, ST_R,PC_R
                      00007                                 ENDC
                      00008                                 ORG                     0X0000
0000   2???           00009                                 GOTO            INICIO
                      00010                                 ORG                     0X0004
                      00011                                 INCLUDE         <rescate.asm>
0004   00F0           00001                         MOVWF           W_R
0005   0E03           00002                         SWAPF           STATUS,W
0006   00F1           00003                         MOVWF           ST_R
0007   0183           00004                         CLRF            STATUS
0008   080A           00005                         MOVF            PCLATH,W
0009   00F2           00006                         MOVWF           PC_R
000A   2???           00012                                 GOTO            RSI
                      00013                                 INCLUDE         <TABLA7SEG.ASM>
000B   0782           00001 SIETESEG                ADDWF           PCL,F
000C   34C0           00002                                 RETLW           0XC0
000D   34F9           00003                                 RETLW           0XF9
000E   34A4           00004                                 RETLW           0XA4
000F   34B0           00005                                 RETLW           0XB0
0010   3499           00006                                 RETLW           0X99
0011   3492           00007                                 RETLW           0X92
0012   3482           00008                                 RETLW           0X82
0013   34F8           00009                                 RETLW           0XF8
0014   3480           00010                                 RETLW           0X80
0015   3498           00011                                 RETLW           0X98
0016   3488           00012                                 RETLW           0X88
0017   3483           00013                                 RETLW           0X83
0018   34C6           00014                                 RETLW           0XC6
0019   34A1           00015                                 RETLW           0XA1
001A   3486           00016                                 RETLW           0X86
001B   348E           00017                                 RETLW           0X8E
001C   0782           00018 SIETESEGK               ADDWF           PCL,F
001D   343F           00019                                 RETLW           0X3F
001E   3406           00020                                 RETLW           0X06
001F   345B           00021                                 RETLW           0X5B
0020   344F           00022                                 RETLW           0X4F
0021   3466           00023                                 RETLW           0X66
0022   346D           00024                                 RETLW           0X6D
0023   347D           00025                                 RETLW           0X7D
MPASM  5.49                 TAREA_TECLADO.ASM   5-21-2018  22:31:28         PAGE  2


LOC  OBJECT CODE     LINE SOURCE TEXT
  VALUE

0024   3407           00026                                 RETLW           0X07
0025   347F           00027                                 RETLW           0X7F
0026   346F           00028                                 RETLW           0X6F
0027   3477           00029                                 RETLW           0X77
0028   347C           00030                                 RETLW           0X7C
0029   3439           00031                                 RETLW           0X39
002A   345E           00032                                 RETLW           0X5E
002B   3479           00033                                 RETLW           0X79
002C   3471           00034                                 RETLW           0X71
                      00035 
002D   0782           00036 TECLADO                 ADDWF           PCL,F
002E   343F           00037                                 RETLW           0X3F
002F   3406           00038                                 RETLW           0X06
0030   345B           00039                                 RETLW           0X5B
0031   344F           00040                                 RETLW           0X4F
0032   3466           00041                                 RETLW           0X66
0033   346D           00042                                 RETLW           0X6D
0034   347D           00043                                 RETLW           0X7D
0035   3407           00044                                 RETLW           0X07
0036   347F           00045                                 RETLW           0X7F
0037   346F           00046                                 RETLW           0X6F
0038   3477           00047                                 RETLW           0X77
0039   347C           00048                                 RETLW           0X7C
003A   3439           00049                                 RETLW           0X39
003B   345E           00050                                 RETLW           0X5E
003C   3479           00051                                 RETLW           0X79
003D   3471           00052                                 RETLW           0X71
                      00014                                 INCLUDE         <SUBS_TIEMPO.ASM>
003E   0000           00001 ST1V:                   NOP
003F   0000           00002                 NOP
0040   0000           00003                 NOP
0041   0BE0           00004                 DECFSZ      0X60,F
0042   2???           00005                 GOTO        ST1V
0043   0008           00006                 RETURN
                      00007 ;+++++++++++++++++++++++++++++++++++++++
0044   0862           00008 ST2V:                   MOVF            0X62,W
0045   00E3           00009                                 MOVWF           0X63
0046   0000           00010 DECRE2V                 NOP
0047   0000           00011                 NOP
0048   0000           00012                 NOP
0049   0BE3           00013                 DECFSZ      0X63,F
004A   2???           00014                 GOTO        DECRE2V
004B   0BE1           00015                                 DECFSZ          0X61,F
004C   2???           00016                                 GOTO            ST2V
004D   0008           00017                 RETURN
                      00018 ;++++++++++++++++++++++++++++++++++++++++
004E   0866           00019 ST3V:                   MOVF            0X66,W
004F   00E7           00020                                 MOVWF           0X67
0050   0865           00021 RECARGA3V:              MOVF            0X65,W
0051   00E8           00022                                 MOVWF           0X68
0052   0000           00023 DECRE3V:                NOP
0053   0000           00024                 NOP
0054   0000           00025                 NOP
MPASM  5.49                 TAREA_TECLADO.ASM   5-21-2018  22:31:28         PAGE  3


LOC  OBJECT CODE     LINE SOURCE TEXT
  VALUE

0055   0BE8           00026                 DECFSZ      0X68,F
0056   2???           00027                 GOTO        DECRE3V
0057   0BE7           00028                                 DECFSZ          0X67,F
0058   2???           00029                                 GOTO            RECARGA3V
0059   0BE4           00030                                 DECFSZ          0X64,F
005A   2???           00031                                 GOTO            ST3V
005B   0008           00032                 RETURN
                      00033 ;++++++++++++++++++++++++++++++++++++++++++++                
                      00034             
005C   30FF           00015 INICIO                  MOVLW           0XFF
005D   0085           00016                                 MOVWF           PORTA
005E   0188           00017                                 CLRF            PORTD                           
                      00018                                 ;CORRESPONDE AL ARCHIVO INICIO
005F   1683           00019                                 BSF             STATUS,RP0
0060   1703           00020                                 BSF                     STATUS,RP1      ;B3
Message[302]: Register in operand not in bank 0.  Ensure that bank bits are correct.
0061   0188           00021                                 CLRF            ANSEL
Message[302]: Register in operand not in bank 0.  Ensure that bank bits are correct.
0062   0189           00022                                 CLRF            ANSELH
0063   0183           00023                                 CLRF            STATUS          ;B0
                      00024                                 ;FIN ARCHIVO INICIO
0064   1683           00025                                 BSF                     STATUS,RP0      ;B1
Message[302]: Register in operand not in bank 0.  Ensure that bank bits are correct.
0065   0188           00026                                 CLRF            TRISD
Message[302]: Register in operand not in bank 0.  Ensure that bank bits are correct.
0066   0185           00027                                 CLRF            TRISA
0067   30FF           00028                                 MOVLW           0XFF            
Message[302]: Register in operand not in bank 0.  Ensure that bank bits are correct.
0068   0096           00029                                 MOVWF           IOCB            ;TODOS LOS PINES INT_ON_CHANGE
0069   30F0           00030                                 MOVLW           0XF0
Message[302]: Register in operand not in bank 0.  Ensure that bank bits are correct.
006A   0086           00031                                 MOVWF           TRISB
006B   1283           00032                                 BCF                     STATUS,RP0      ;B0
Message[302]: Register in operand not in bank 0.  Ensure that bank bits are correct.
006C   1381           00033                                 BCF                     OPTION_REG,.7
006D   0806           00034                                 MOVF            PORTB,W
006E   100B           00035                                 BCF                     INTCON,RBIF
006F   00A1           00036                                 MOVWF           0X21
0070   158B           00037                                 BSF                     INTCON,RBIE
0071   178B           00038                                 BSF                     INTCON,GIE      ;PORTB ES FUENTE DE INT_ON_CHANG
                            E               
                      00039 
0072   30FF           00040 HOLA                    MOVLW           B'11111111'     ;"H"
0073   0088           00041                                 MOVWF           PORTD
0074   1005           00042                                 BCF                     PORTA,.0
0075   2???           00043                                 CALL            TIEMPO
0076   1405           00044                                 BSF                     PORTA,.0
0077   3000           00045                                 MOVLW           B'00000000'     ;"0"
0078   0088           00046                                 MOVWF           PORTD
0079   1085           00047                                 BCF                     PORTA,.1
007A   2???           00048                                 CALL            TIEMPO
007B   1485           00049                                 BSF                     PORTA,.1
007C   30FF           00050                                 MOVLW           B'11111111'     ;"L"
MPASM  5.49                 TAREA_TECLADO.ASM   5-21-2018  22:31:28         PAGE  4


LOC  OBJECT CODE     LINE SOURCE TEXT
  VALUE

007D   0088           00051                                 MOVWF           PORTD
007E   1105           00052                                 BCF                     PORTA,.2
007F   2???           00053                                 CALL            TIEMPO
0080   1505           00054                                 BSF                     PORTA,.2
0081   3000           00055                                 MOVLW           B'00000000'     ;"A"
0082   0088           00056                                 MOVWF           PORTD
0083   1185           00057                                 BCF                     PORTA,.3
0084   2???           00058                                 CALL            TIEMPO
0085   1585           00059                                 BSF                     PORTA,.3
0086   2???           00060                                 GOTO            HOLA
                      00061 
0087   2???           00062 RSI                             CALL            T25MS
0088   30FF           00063                                 MOVLW           0XFF
0089   0085           00064                                 MOVWF           PORTA
008A   01C0           00065                                 CLRF            0X40
008B   0806           00066                                 MOVF            PORTB,W
008C   06A1           00067                                 XORWF           0X21,F
                      00068 
008D   1C21           00069 FUEF0                   BTFSS           0X21,0  ;FILAS  
008E   2???           00070                                 GOTO            FUEF1
008F   3000           00071                                 MOVLW           .0
0090   2???           00072                                 GOTO            FINF                    
                      00073 
0091   1CA1           00074 FUEF1                   BTFSS           0X21,1  
0092   2???           00075                                 GOTO            FUEF2
0093   3004           00076                                 MOVLW           .4
0094   2???           00077                                 GOTO            FINF                            
                      00078 
0095   1D21           00079 FUEF2                   BTFSS           0X21,2  
0096   2???           00080                                 GOTO            FUEF3
0097   3008           00081                                 MOVLW           .8
0098   2???           00082                                 GOTO            FINF                    
                      00083 
0099   300C           00084 FUEF3                   MOVLW           .12
009A   00C0           00085 FINF                    MOVWF           0X40                    
                      00086                                 
009B   1683           00087                                 BSF                     STATUS,RP0      ;B1     
009C   300F           00088                                 MOVLW           0X0F
Message[302]: Register in operand not in bank 0.  Ensure that bank bits are correct.
009D   0086           00089                                 MOVWF           TRISB
009E   1283           00090                                 BCF                     STATUS,RP0      ;B0
009F   0186           00091                                 CLRF            PORTB
Message[302]: Register in operand not in bank 0.  Ensure that bank bits are correct.
00A0   1381           00092                                 BCF                     OPTION_REG,.7
                      00093 
00A1   0806           00094                                 MOVF            PORTB,W
00A2   06A1           00095                                 XORWF           0X21,F
                      00096 
00A3   1E21           00097 FUEC1                   BTFSS           0X21,4  ;COLUMNAS
00A4   2???           00098                                 GOTO            FUEC2
00A5   3000           00099                                 MOVLW           .0
00A6   2???           00100                                 GOTO            FINC                    
                      00101 
MPASM  5.49                 TAREA_TECLADO.ASM   5-21-2018  22:31:28         PAGE  5


LOC  OBJECT CODE     LINE SOURCE TEXT
  VALUE

00A7   1EA1           00102 FUEC2                   BTFSS           0X21,5  
00A8   2???           00103                                 GOTO            FUEC3
00A9   3001           00104                                 MOVLW           .1
00AA   2???           00105                                 GOTO            FINC                    
                      00106 
00AB   1F21           00107 FUEC3                   BTFSS           0X21,6  
00AC   2???           00108                                 GOTO            FUEC4
00AD   3002           00109                                 MOVLW           .2
00AE   2???           00110                                 GOTO            FINC                    
                      00111 
00AF   3003           00112 FUEC4                   MOVLW           .3
00B0   07C0           00113 FINC                    ADDWF           0X40,F
00B1   0840           00114                                 MOVF            0X40,W
00B2   2???           00115                                 CALL            TECLADO
00B3   0088           00116                                 MOVWF           PORTD
00B4   1005           00117                                 BCF                     PORTA,0
00B5   2???           00118                                 CALL            T1SEG
00B6   1405           00119                                 BSF                     PORTA,0
                      00120 
00B7   1683           00121                                 BSF                     STATUS,RP0      ;B1
00B8   30F0           00122                                 MOVLW           0XF0
Message[302]: Register in operand not in bank 0.  Ensure that bank bits are correct.
00B9   0086           00123                                 MOVWF           TRISB
00BA   1283           00124                                 BCF                     STATUS,RP0      ;B0
00BB   0186           00125                                 CLRF            PORTB
Message[302]: Register in operand not in bank 0.  Ensure that bank bits are correct.
00BC   1381           00126                                 BCF                     OPTION_REG,.7
00BD   0806           00127                                 MOVF            PORTB,W
00BE   00A1           00128                                 MOVWF           0X21
00BF   100B           00129                                 BCF                     INTCON,RBIF
                      00130                                 
                      00131                                 INCLUDE         <resupera.asm>
00C0   0872           00001                         MOVF            PC_R,W
00C1   008A           00002                         MOVWF           PCLATH
00C2   0E71           00003                         SWAPF           ST_R,W
00C3   0083           00004                         MOVWF           STATUS
00C4   0EF0           00005                         SWAPF           W_R,F
00C5   0E70           00006                         SWAPF           W_R,W
00C6   0009           00007                         RETFIE
                      00132 
00C7   302C           00133 T25MS                   MOVLW           .44
00C8   00E1           00134                                 MOVWF           0X61
00C9   305E           00135                                 MOVLW           .94
00CA   00E2           00136                                 MOVWF           0X62
00CB   2???           00137                                 CALL            ST2V
00CC   0008           00138                                 RETURN
                      00139 
00CD   3009           00140 T1SEG                   MOVLW           .9
00CE   00E4           00141                                 MOVWF           0X64
00CF   30FD           00142                                 MOVLW           .253
00D0   00E5           00143                                 MOVWF           0X65
00D1   3049           00144                                 MOVLW           .73
00D2   00E6           00145                                 MOVWF           0X66
MPASM  5.49                 TAREA_TECLADO.ASM   5-21-2018  22:31:28         PAGE  6


LOC  OBJECT CODE     LINE SOURCE TEXT
  VALUE

00D3   2???           00146                                 CALL            ST3V
00D4   0000           00147                                 NOP
00D5   0008           00148                                 RETURN
                      00149 
00D6   302C           00150 TIEMPO                  MOVLW           .44             ;AUN NO CALCULADO
00D7   00E1           00151                                 MOVWF           0X61
00D8   305E           00152                                 MOVLW           .94
00D9   00E2           00153                                 MOVWF           0X62
00DA   2???           00154                                 CALL            ST2V
00DB   0008           00155                                 RETURN
2BE2 3FFF             00156                                 END
MPASM  5.49                 TAREA_TECLADO.ASM   5-21-2018  22:31:28         PAGE  7


SYMBOL TABLE
  LABEL                             VALUE 

ABDEN                             00000000
ABDOVF                            00000007
ACKDT                             00000005
ACKEN                             00000004
ACKSTAT                           00000006
ADCON0                            0000001F
ADCON1                            0000009F
ADCS0                             00000006
ADCS1                             00000007
ADDEN                             00000003
ADFM                              00000007
ADIE                              00000006
ADIF                              00000006
ADON                              00000000
ADRESH                            0000001E
ADRESL                            0000009E
ANS0                              00000000
ANS1                              00000001
ANS10                             00000002
ANS11                             00000003
ANS12                             00000004
ANS13                             00000005
ANS2                              00000002
ANS3                              00000003
ANS4                              00000004
ANS5                              00000005
ANS6                              00000006
ANS7                              00000007
ANS8                              00000000
ANS9                              00000001
ANSEL                             00000188
ANSELH                            00000189
BAUDCTL                           00000187
BCLIE                             00000003
BCLIF                             00000003
BF                                00000000
BRG0                              00000000
BRG1                              00000001
BRG10                             00000002
BRG11                             00000003
BRG12                             00000004
BRG13                             00000005
BRG14                             00000006
BRG15                             00000007
BRG16                             00000003
BRG2                              00000002
BRG3                              00000003
BRG4                              00000004
BRG5                              00000005
BRG6                              00000006
BRG7                              00000007
BRG8                              00000000
BRG9                              00000001
MPASM  5.49                 TAREA_TECLADO.ASM   5-21-2018  22:31:28         PAGE  8


SYMBOL TABLE
  LABEL                             VALUE 

BRGH                              00000002
C                                 00000000
C1CH0                             00000000
C1CH1                             00000001
C1IE                              00000005
C1IF                              00000005
C1OE                              00000005
C1ON                              00000007
C1OUT                             00000006
C1POL                             00000004
C1R                               00000002
C1RSEL                            00000005
C1SEN                             00000005
C2CH0                             00000000
C2CH1                             00000001
C2IE                              00000006
C2IF                              00000006
C2OE                              00000005
C2ON                              00000007
C2OUT                             00000006
C2POL                             00000004
C2R                               00000002
C2REN                             00000004
C2RSEL                            00000004
C2SYNC                            00000000
CCP1CON                           00000017
CCP1IE                            00000002
CCP1IF                            00000002
CCP1M0                            00000000
CCP1M1                            00000001
CCP1M2                            00000002
CCP1M3                            00000003
CCP1X                             00000005
CCP1Y                             00000004
CCP2CON                           0000001D
CCP2IE                            00000000
CCP2IF                            00000000
CCP2M0                            00000000
CCP2M1                            00000001
CCP2M2                            00000002
CCP2M3                            00000003
CCP2X                             00000005
CCP2Y                             00000004
CCPR1                             00000015
CCPR1H                            00000016
CCPR1L                            00000015
CCPR2                             0000001B
CCPR2H                            0000001C
CCPR2L                            0000001B
CHS0                              00000002
CHS1                              00000003
CHS2                              00000004
CHS3                              00000005
MPASM  5.49                 TAREA_TECLADO.ASM   5-21-2018  22:31:28         PAGE  9


SYMBOL TABLE
  LABEL                             VALUE 

CKE                               00000006
CKP                               00000004
CM1CON0                           00000107
CM2CON0                           00000108
CM2CON1                           00000109
CREN                              00000004
CSRC                              00000007
D                                 00000005
DATA_ADDRESS                      00000005
DC                                00000001
DC1B0                             00000004
DC1B1                             00000005
DC2B0                             00000004
DC2B1                             00000005
DECRE2V                           00000046
DECRE3V                           00000052
D_A                               00000005
D_NOT_A                           00000005
ECCPAS                            0000009C
ECCPAS0                           00000004
ECCPAS1                           00000005
ECCPAS2                           00000006
ECCPASE                           00000007
EEADR                             0000010D
EEADRH                            0000010F
EECON1                            0000018C
EECON2                            0000018D
EEDAT                             0000010C
EEDATA                            0000010C
EEDATH                            0000010E
EEIE                              00000004
EEIF                              00000004
EEPGD                             00000007
F                                 00000001
FERR                              00000002
FINC                              000000B0
FINF                              0000009A
FSR                               00000004
FUEC1                             000000A3
FUEC2                             000000A7
FUEC3                             000000AB
FUEC4                             000000AF
FUEF0                             0000008D
FUEF1                             00000091
FUEF2                             00000095
FUEF3                             00000099
FVREN                             00000000
GCEN                              00000007
GIE                               00000007
GO                                00000001
GO_DONE                           00000001
GO_NOT_DONE                       00000001
HOLA                              00000072
MPASM  5.49                 TAREA_TECLADO.ASM   5-21-2018  22:31:28         PAGE 10


SYMBOL TABLE
  LABEL                             VALUE 

HTS                               00000002
I2C_DATA                          00000005
I2C_READ                          00000002
I2C_START                         00000003
I2C_STOP                          00000004
INDF                              00000000
INICIO                            0000005C
INTCON                            0000000B
INTE                              00000004
INTEDG                            00000006
INTF                              00000001
IOCB                              00000096
IOCB0                             00000000
IOCB1                             00000001
IOCB2                             00000002
IOCB3                             00000003
IOCB4                             00000004
IOCB5                             00000005
IOCB6                             00000006
IOCB7                             00000007
IRCF0                             00000004
IRCF1                             00000005
IRCF2                             00000006
IRP                               00000007
LTS                               00000001
MC1OUT                            00000007
MC2OUT                            00000006
MSK                               00000093
MSK0                              00000000
MSK1                              00000001
MSK2                              00000002
MSK3                              00000003
MSK4                              00000004
MSK5                              00000005
MSK6                              00000006
MSK7                              00000007
NOT_A                             00000005
NOT_ADDRESS                       00000005
NOT_BO                            00000000
NOT_BOR                           00000000
NOT_DONE                          00000001
NOT_PD                            00000003
NOT_POR                           00000001
NOT_RBPU                          00000007
NOT_RC8                           00000006
NOT_T1SYNC                        00000002
NOT_TO                            00000004
NOT_TX8                           00000006
NOT_W                             00000002
NOT_WRITE                         00000002
OERR                              00000001
OPTION_REG                        00000081
OSCCON                            0000008F
MPASM  5.49                 TAREA_TECLADO.ASM   5-21-2018  22:31:28         PAGE 11


SYMBOL TABLE
  LABEL                             VALUE 

OSCTUNE                           00000090
OSFIE                             00000007
OSFIF                             00000007
OSTS                              00000003
P                                 00000004
P1M0                              00000006
P1M1                              00000007
PCL                               00000002
PCLATH                            0000000A
PCON                              0000008E
PC_R                              00000072
PDC0                              00000000
PDC1                              00000001
PDC2                              00000002
PDC3                              00000003
PDC4                              00000004
PDC5                              00000005
PDC6                              00000006
PEIE                              00000006
PEN                               00000002
PIE1                              0000008C
PIE2                              0000008D
PIR1                              0000000C
PIR2                              0000000D
PORTA                             00000005
PORTB                             00000006
PORTC                             00000007
PORTD                             00000008
PORTE                             00000009
PR2                               00000092
PRSEN                             00000007
PS0                               00000000
PS1                               00000001
PS2                               00000002
PSA                               00000003
PSSAC0                            00000002
PSSAC1                            00000003
PSSBD0                            00000000
PSSBD1                            00000001
PSTRCON                           0000009D
PULSR                             00000002
PULSS                             00000003
PWM1CON                           0000009B
R                                 00000002
RA0                               00000000
RA1                               00000001
RA2                               00000002
RA3                               00000003
RA4                               00000004
RA5                               00000005
RA6                               00000006
RA7                               00000007
RB0                               00000000
MPASM  5.49                 TAREA_TECLADO.ASM   5-21-2018  22:31:28         PAGE 12


SYMBOL TABLE
  LABEL                             VALUE 

RB1                               00000001
RB2                               00000002
RB3                               00000003
RB4                               00000004
RB5                               00000005
RB6                               00000006
RB7                               00000007
RBIE                              00000003
RBIF                              00000000
RC0                               00000000
RC1                               00000001
RC2                               00000002
RC3                               00000003
RC4                               00000004
RC5                               00000005
RC6                               00000006
RC7                               00000007
RC8_9                             00000006
RC9                               00000006
RCD8                              00000000
RCEN                              00000003
RCIDL                             00000006
RCIE                              00000005
RCIF                              00000005
RCREG                             0000001A
RCSTA                             00000018
RD                                00000000
RD0                               00000000
RD1                               00000001
RD2                               00000002
RD3                               00000003
RD4                               00000004
RD5                               00000005
RD6                               00000006
RD7                               00000007
RE0                               00000000
RE1                               00000001
RE2                               00000002
RE3                               00000003
READ_WRITE                        00000002
RECARGA3V                         00000050
RP0                               00000005
RP1                               00000006
RSEN                              00000001
RSI                               00000087
RX9                               00000006
RX9D                              00000000
R_NOT_W                           00000002
R_W                               00000002
S                                 00000003
SBOREN                            00000004
SCKP                              00000004
SCS                               00000000
MPASM  5.49                 TAREA_TECLADO.ASM   5-21-2018  22:31:28         PAGE 13


SYMBOL TABLE
  LABEL                             VALUE 

SEN                               00000000
SENDB                             00000003
SIETESEG                          0000000B
SIETESEGK                         0000001C
SMP                               00000007
SPBRG                             00000099
SPBRGH                            0000009A
SPEN                              00000007
SR0                               00000006
SR1                               00000007
SRCON                             00000185
SREN                              00000005
SSPADD                            00000093
SSPBUF                            00000013
SSPCON                            00000014
SSPCON2                           00000091
SSPEN                             00000005
SSPIE                             00000003
SSPIF                             00000003
SSPM0                             00000000
SSPM1                             00000001
SSPM2                             00000002
SSPM3                             00000003
SSPMSK                            00000093
SSPOV                             00000006
SSPSTAT                           00000094
ST1V                              0000003E
ST2V                              00000044
ST3V                              0000004E
STATUS                            00000003
STRA                              00000000
STRB                              00000001
STRC                              00000002
STRD                              00000003
STRSYNC                           00000004
ST_R                              00000071
SWDTEN                            00000000
SYNC                              00000004
T0CS                              00000005
T0IE                              00000005
T0IF                              00000002
T0SE                              00000004
T1CKPS0                           00000004
T1CKPS1                           00000005
T1CON                             00000010
T1GINV                            00000007
T1GIV                             00000007
T1GSS                             00000001
T1INSYNC                          00000002
T1OSCEN                           00000003
T1SEG                             000000CD
T1SYNC                            00000002
T25MS                             000000C7
MPASM  5.49                 TAREA_TECLADO.ASM   5-21-2018  22:31:28         PAGE 14


SYMBOL TABLE
  LABEL                             VALUE 

T2CKPS0                           00000000
T2CKPS1                           00000001
T2CON                             00000012
TECLADO                           0000002D
TIEMPO                            000000D6
TMR0                              00000001
TMR0IE                            00000005
TMR0IF                            00000002
TMR1                              0000000E
TMR1CS                            00000001
TMR1GE                            00000006
TMR1H                             0000000F
TMR1IE                            00000000
TMR1IF                            00000000
TMR1L                             0000000E
TMR1ON                            00000000
TMR2                              00000011
TMR2IE                            00000001
TMR2IF                            00000001
TMR2ON                            00000002
TOUTPS0                           00000003
TOUTPS1                           00000004
TOUTPS2                           00000005
TOUTPS3                           00000006
TRISA                             00000085
TRISA0                            00000000
TRISA1                            00000001
TRISA2                            00000002
TRISA3                            00000003
TRISA4                            00000004
TRISA5                            00000005
TRISA6                            00000006
TRISA7                            00000007
TRISB                             00000086
TRISB0                            00000000
TRISB1                            00000001
TRISB2                            00000002
TRISB3                            00000003
TRISB4                            00000004
TRISB5                            00000005
TRISB6                            00000006
TRISB7                            00000007
TRISC                             00000087
TRISC0                            00000000
TRISC1                            00000001
TRISC2                            00000002
TRISC3                            00000003
TRISC4                            00000004
TRISC5                            00000005
TRISC6                            00000006
TRISC7                            00000007
TRISD                             00000088
TRISD0                            00000000
MPASM  5.49                 TAREA_TECLADO.ASM   5-21-2018  22:31:28         PAGE 15


SYMBOL TABLE
  LABEL                             VALUE 

TRISD1                            00000001
TRISD2                            00000002
TRISD3                            00000003
TRISD4                            00000004
TRISD5                            00000005
TRISD6                            00000006
TRISD7                            00000007
TRISE                             00000089
TRISE0                            00000000
TRISE1                            00000001
TRISE2                            00000002
TRISE3                            00000003
TRMT                              00000001
TUN0                              00000000
TUN1                              00000001
TUN2                              00000002
TUN3                              00000003
TUN4                              00000004
TX8_9                             00000006
TX9                               00000006
TX9D                              00000000
TXD8                              00000000
TXEN                              00000005
TXIE                              00000004
TXIF                              00000004
TXREG                             00000019
TXSTA                             00000098
UA                                00000001
ULPWUE                            00000005
ULPWUIE                           00000002
ULPWUIF                           00000002
VCFG0                             00000004
VCFG1                             00000005
VR0                               00000000
VR1                               00000001
VR2                               00000002
VR3                               00000003
VRCON                             00000097
VREN                              00000007
VROE                              00000006
VRR                               00000005
VRSS                              00000004
W                                 00000000
WCOL                              00000007
WDTCON                            00000105
WDTPS0                            00000001
WDTPS1                            00000002
WDTPS2                            00000003
WDTPS3                            00000004
WPUB                              00000095
WPUB0                             00000000
WPUB1                             00000001
WPUB2                             00000002
MPASM  5.49                 TAREA_TECLADO.ASM   5-21-2018  22:31:28         PAGE 16


SYMBOL TABLE
  LABEL                             VALUE 

WPUB3                             00000003
WPUB4                             00000004
WPUB5                             00000005
WPUB6                             00000006
WPUB7                             00000007
WR                                00000001
WREN                              00000002
WRERR                             00000003
WUE                               00000001
W_R                               00000070
Z                                 00000002
_BOR21V                           00003EFF
_BOR40V                           00003FFF
_BOR4V_BOR21V                     00003EFF
_BOR4V_BOR40V                     00003FFF
_BOREN_NSLEEP                     00003EFF
_BOREN_OFF                        00003CFF
_BOREN_ON                         00003FFF
_BOREN_SBODEN                     00003DFF
_BOR_NSLEEP                       00003EFF
_BOR_OFF                          00003CFF
_BOR_ON                           00003FFF
_BOR_SBODEN                       00003DFF
_CONFIG1                          00002007
_CONFIG2                          00002008
_CPD_OFF                          00003FFF
_CPD_ON                           00003F7F
_CP_OFF                           00003FFF
_CP_ON                            00003FBF
_DEBUG_OFF                        00003FFF
_DEBUG_ON                         00001FFF
_DEVID1                           00002006
_EC_OSC                           00003FFB
_EXTRC                            00003FFF
_EXTRCIO                          00003FFE
_EXTRC_OSC_CLKOUT                 00003FFF
_EXTRC_OSC_NOCLKOUT               00003FFE
_FCMEN_OFF                        000037FF
_FCMEN_ON                         00003FFF
_FOSC_EC                          00003FFB
_FOSC_EXTRC_CLKOUT                00003FFF
_FOSC_EXTRC_NOCLKOUT              00003FFE
_FOSC_HS                          00003FFA
_FOSC_INTRC_CLKOUT                00003FFD
_FOSC_INTRC_NOCLKOUT              00003FFC
_FOSC_LP                          00003FF8
_FOSC_XT                          00003FF9
_HS_OSC                           00003FFA
_IDLOC0                           00002000
_IDLOC1                           00002001
_IDLOC2                           00002002
_IDLOC3                           00002003
_IESO_OFF                         00003BFF
MPASM  5.49                 TAREA_TECLADO.ASM   5-21-2018  22:31:28         PAGE 17


SYMBOL TABLE
  LABEL                             VALUE 

_IESO_ON                          00003FFF
_INTOSC                           00003FFD
_INTOSCIO                         00003FFC
_INTRC_OSC_CLKOUT                 00003FFD
_INTRC_OSC_NOCLKOUT               00003FFC
_LP_OSC                           00003FF8
_LVP_OFF                          00002FFF
_LVP_ON                           00003FFF
_MCLRE_OFF                        00003FDF
_MCLRE_ON                         00003FFF
_PWRTE_OFF                        00003FFF
_PWRTE_ON                         00003FEF
_WDTE_OFF                         00003FF7
_WDTE_ON                          00003FFF
_WDT_OFF                          00003FF7
_WDT_ON                           00003FFF
_WRT_1FOURTH                      00003BFF
_WRT_256                          00003DFF
_WRT_HALF                         000039FF
_WRT_OFF                          00003FFF
_XT_OSC                           00003FF9
__16F887                          00000001
__DEBUG                           1

Errors   :     0
Warnings :     0 reported,     0 suppressed
Messages :    11 reported,     0 suppressed

