MPLINK 4.47, Linker
Linker Map File - Created Tue Jun 19 21:59:46 2018

                                 Section Info
                  Section       Type    Address   Location Size(Bytes)
                ---------  ---------  ---------  ---------  ---------
                   .org_0       code   0x000000    program   0x00008c
                   .cinit    romdata   0x000046    program   0x000004
    .config_2007_PRUEBA.O       code   0x002007    program   0x000002
    .config_2008_PRUEBA.O       code   0x002008    program   0x000002



                              Program Memory Usage 
                               Start         End      
                           ---------   ---------      
                            0x000000    0x000047      
                            0x002007    0x002008      
            74 out of 8455 program addresses used, program memory utilization is 0%



                              Symbols - Sorted by Name
                     Name    Address   Location    Storage File                     
                ---------  ---------  ---------  --------- ---------                
                    CARGA   0x000033    program     static C:\Users\Jesus\Documents\tareas\microcontroladores\proyecto\PRUEBA.ASM
                  DECRE2V   0x000009    program     static C:\Users\Jesus\Documents\tareas\microcontroladores\proyecto\SUBS_TIEMPO.ASM
                  DECRE3V   0x000015    program     static C:\Users\Jesus\Documents\tareas\microcontroladores\proyecto\SUBS_TIEMPO.ASM
                   INICIO   0x00001f    program     static C:\Users\Jesus\Documents\tareas\microcontroladores\proyecto\PRUEBA.ASM
                RECARGA3V   0x000013    program     static C:\Users\Jesus\Documents\tareas\microcontroladores\proyecto\SUBS_TIEMPO.ASM
                    SERVO   0x000031    program     static C:\Users\Jesus\Documents\tareas\microcontroladores\proyecto\PRUEBA.ASM
                     ST1V   0x000001    program     static C:\Users\Jesus\Documents\tareas\microcontroladores\proyecto\SUBS_TIEMPO.ASM
                     ST2V   0x000007    program     static C:\Users\Jesus\Documents\tareas\microcontroladores\proyecto\SUBS_TIEMPO.ASM
                     ST3V   0x000011    program     static C:\Users\Jesus\Documents\tareas\microcontroladores\proyecto\SUBS_TIEMPO.ASM
             _.org_0_0030   0x000030    program     static C:\Users\Jesus\Documents\tareas\microcontroladores\proyecto\PRUEBA.ASM
             _.org_0_003A   0x00003a    program     static C:\Users\Jesus\Documents\tareas\microcontroladores\proyecto\PRUEBA.ASM
             _.org_0_003E   0x00003e    program     static C:\Users\Jesus\Documents\tareas\microcontroladores\proyecto\PRUEBA.ASM
                     _1MS   0x000042    program     static C:\Users\Jesus\Documents\tareas\microcontroladores\proyecto\PRUEBA.ASM



                              Symbols - Sorted by Address
                     Name    Address   Location    Storage File                     
                ---------  ---------  ---------  --------- ---------                
                     ST1V   0x000001    program     static C:\Users\Jesus\Documents\tareas\microcontroladores\proyecto\SUBS_TIEMPO.ASM
                     ST2V   0x000007    program     static C:\Users\Jesus\Documents\tareas\microcontroladores\proyecto\SUBS_TIEMPO.ASM
                  DECRE2V   0x000009    program     static C:\Users\Jesus\Documents\tareas\microcontroladores\proyecto\SUBS_TIEMPO.ASM
                     ST3V   0x000011    program     static C:\Users\Jesus\Documents\tareas\microcontroladores\proyecto\SUBS_TIEMPO.ASM
                RECARGA3V   0x000013    program     static C:\Users\Jesus\Documents\tareas\microcontroladores\proyecto\SUBS_TIEMPO.ASM
                  DECRE3V   0x000015    program     static C:\Users\Jesus\Documents\tareas\microcontroladores\proyecto\SUBS_TIEMPO.ASM
                   INICIO   0x00001f    program     static C:\Users\Jesus\Documents\tareas\microcontroladores\proyecto\PRUEBA.ASM
             _.org_0_0030   0x000030    program     static C:\Users\Jesus\Documents\tareas\microcontroladores\proyecto\PRUEBA.ASM
                    SERVO   0x000031    program     static C:\Users\Jesus\Documents\tareas\microcontroladores\proyecto\PRUEBA.ASM
                    CARGA   0x000033    program     static C:\Users\Jesus\Documents\tareas\microcontroladores\proyecto\PRUEBA.ASM
             _.org_0_003A   0x00003a    program     static C:\Users\Jesus\Documents\tareas\microcontroladores\proyecto\PRUEBA.ASM
             _.org_0_003E   0x00003e    program     static C:\Users\Jesus\Documents\tareas\microcontroladores\proyecto\PRUEBA.ASM
                     _1MS   0x000042    program     static C:\Users\Jesus\Documents\tareas\microcontroladores\proyecto\PRUEBA.ASM


