MPLINK 4.47, Linker
Linker Map File - Created Mon May 14 00:13:46 2018

                                 Section Info
                  Section       Type    Address   Location Size(Bytes)
                ---------  ---------  ---------  ---------  ---------
                   .org_0       code   0x000000    program   0x00024a
                   .cinit    romdata   0x000125    program   0x000004
    .config_2007_PRUEBA.O       code   0x002007    program   0x000002
    .config_2008_PRUEBA.O       code   0x002008    program   0x000002



                              Program Memory Usage 
                               Start         End      
                           ---------   ---------      
                            0x000000    0x000126      
                            0x002007    0x002008      
            297 out of 8455 program addresses used, program memory utilization is 3%



                              Symbols - Sorted by Name
                     Name    Address   Location    Storage File                     
                ---------  ---------  ---------  --------- ---------                
               ASCENDENTE   0x000062    program     static C:\Users\Jesus\Documents\tareas\microcontroladores\contador\PRUEBA.asm
                  ASC_DES   0x0000f9    program     static C:\Users\Jesus\Documents\tareas\microcontroladores\contador\PRUEBA.asm
                  BOTONES   0x000102    program     static C:\Users\Jesus\Documents\tareas\microcontroladores\contador\PRUEBA.asm
                  DECRE2V   0x00002b    program     static C:\Users\Jesus\Documents\tareas\microcontroladores\contador\SUBS_TIEMPO.ASM
                  DECRE3V   0x000037    program     static C:\Users\Jesus\Documents\tareas\microcontroladores\contador\SUBS_TIEMPO.ASM
              DESCENDENTE   0x0000a5    program     static C:\Users\Jesus\Documents\tareas\microcontroladores\contador\PRUEBA.asm
                   INICIO   0x000041    program     static C:\Users\Jesus\Documents\tareas\microcontroladores\contador\PRUEBA.asm
                   LIMP_1   0x000061    program     static C:\Users\Jesus\Documents\tareas\microcontroladores\contador\PRUEBA.asm
                   LIMP_2   0x000060    program     static C:\Users\Jesus\Documents\tareas\microcontroladores\contador\PRUEBA.asm
                   LIMP_3   0x00005f    program     static C:\Users\Jesus\Documents\tareas\microcontroladores\contador\PRUEBA.asm
                   LIMP_4   0x00005e    program     static C:\Users\Jesus\Documents\tareas\microcontroladores\contador\PRUEBA.asm
                   LIMP_5   0x00005d    program     static C:\Users\Jesus\Documents\tareas\microcontroladores\contador\PRUEBA.asm
                   LIMP_6   0x00005c    program     static C:\Users\Jesus\Documents\tareas\microcontroladores\contador\PRUEBA.asm
                  MOSTRAR   0x0000d4    program     static C:\Users\Jesus\Documents\tareas\microcontroladores\contador\PRUEBA.asm
                  NUEVE_1   0x0000a3    program     static C:\Users\Jesus\Documents\tareas\microcontroladores\contador\PRUEBA.asm
                  NUEVE_2   0x0000a1    program     static C:\Users\Jesus\Documents\tareas\microcontroladores\contador\PRUEBA.asm
                  NUEVE_3   0x00009f    program     static C:\Users\Jesus\Documents\tareas\microcontroladores\contador\PRUEBA.asm
                  NUEVE_4   0x00009d    program     static C:\Users\Jesus\Documents\tareas\microcontroladores\contador\PRUEBA.asm
                  NUEVE_5   0x00009b    program     static C:\Users\Jesus\Documents\tareas\microcontroladores\contador\PRUEBA.asm
                  NUEVE_6   0x000099    program     static C:\Users\Jesus\Documents\tareas\microcontroladores\contador\PRUEBA.asm
                    PAUSA   0x0000cb    program     static C:\Users\Jesus\Documents\tareas\microcontroladores\contador\PRUEBA.asm
                   REBOTE   0x000111    program     static C:\Users\Jesus\Documents\tareas\microcontroladores\contador\PRUEBA.asm
                RECARGA3V   0x000035    program     static C:\Users\Jesus\Documents\tareas\microcontroladores\contador\SUBS_TIEMPO.ASM
                 SIETESEG   0x000001    program     static C:\Users\Jesus\Documents\tareas\microcontroladores\contador\TABLA7SEG.ASM
                SIETESEGK   0x000012    program     static C:\Users\Jesus\Documents\tareas\microcontroladores\contador\TABLA7SEG.ASM
                     ST1V   0x000023    program     static C:\Users\Jesus\Documents\tareas\microcontroladores\contador\SUBS_TIEMPO.ASM
                     ST2V   0x000029    program     static C:\Users\Jesus\Documents\tareas\microcontroladores\contador\SUBS_TIEMPO.ASM
                     ST3V   0x000033    program     static C:\Users\Jesus\Documents\tareas\microcontroladores\contador\SUBS_TIEMPO.ASM
             _.org_0_00D0   0x0000d0    program     static C:\Users\Jesus\Documents\tareas\microcontroladores\contador\PRUEBA.asm
             _.org_0_00FF   0x0000ff    program     static C:\Users\Jesus\Documents\tareas\microcontroladores\contador\PRUEBA.asm
             _.org_0_010E   0x00010e    program     static C:\Users\Jesus\Documents\tareas\microcontroladores\contador\PRUEBA.asm
                    _20E6   0x000117    program     static C:\Users\Jesus\Documents\tareas\microcontroladores\contador\PRUEBA.asm



                              Symbols - Sorted by Address
                     Name    Address   Location    Storage File                     
                ---------  ---------  ---------  --------- ---------                
                 SIETESEG   0x000001    program     static C:\Users\Jesus\Documents\tareas\microcontroladores\contador\TABLA7SEG.ASM
                SIETESEGK   0x000012    program     static C:\Users\Jesus\Documents\tareas\microcontroladores\contador\TABLA7SEG.ASM
                     ST1V   0x000023    program     static C:\Users\Jesus\Documents\tareas\microcontroladores\contador\SUBS_TIEMPO.ASM
                     ST2V   0x000029    program     static C:\Users\Jesus\Documents\tareas\microcontroladores\contador\SUBS_TIEMPO.ASM
                  DECRE2V   0x00002b    program     static C:\Users\Jesus\Documents\tareas\microcontroladores\contador\SUBS_TIEMPO.ASM
                     ST3V   0x000033    program     static C:\Users\Jesus\Documents\tareas\microcontroladores\contador\SUBS_TIEMPO.ASM
                RECARGA3V   0x000035    program     static C:\Users\Jesus\Documents\tareas\microcontroladores\contador\SUBS_TIEMPO.ASM
                  DECRE3V   0x000037    program     static C:\Users\Jesus\Documents\tareas\microcontroladores\contador\SUBS_TIEMPO.ASM
                   INICIO   0x000041    program     static C:\Users\Jesus\Documents\tareas\microcontroladores\contador\PRUEBA.asm
                   LIMP_6   0x00005c    program     static C:\Users\Jesus\Documents\tareas\microcontroladores\contador\PRUEBA.asm
                   LIMP_5   0x00005d    program     static C:\Users\Jesus\Documents\tareas\microcontroladores\contador\PRUEBA.asm
                   LIMP_4   0x00005e    program     static C:\Users\Jesus\Documents\tareas\microcontroladores\contador\PRUEBA.asm
                   LIMP_3   0x00005f    program     static C:\Users\Jesus\Documents\tareas\microcontroladores\contador\PRUEBA.asm
                   LIMP_2   0x000060    program     static C:\Users\Jesus\Documents\tareas\microcontroladores\contador\PRUEBA.asm
                   LIMP_1   0x000061    program     static C:\Users\Jesus\Documents\tareas\microcontroladores\contador\PRUEBA.asm
               ASCENDENTE   0x000062    program     static C:\Users\Jesus\Documents\tareas\microcontroladores\contador\PRUEBA.asm
                  NUEVE_6   0x000099    program     static C:\Users\Jesus\Documents\tareas\microcontroladores\contador\PRUEBA.asm
                  NUEVE_5   0x00009b    program     static C:\Users\Jesus\Documents\tareas\microcontroladores\contador\PRUEBA.asm
                  NUEVE_4   0x00009d    program     static C:\Users\Jesus\Documents\tareas\microcontroladores\contador\PRUEBA.asm
                  NUEVE_3   0x00009f    program     static C:\Users\Jesus\Documents\tareas\microcontroladores\contador\PRUEBA.asm
                  NUEVE_2   0x0000a1    program     static C:\Users\Jesus\Documents\tareas\microcontroladores\contador\PRUEBA.asm
                  NUEVE_1   0x0000a3    program     static C:\Users\Jesus\Documents\tareas\microcontroladores\contador\PRUEBA.asm
              DESCENDENTE   0x0000a5    program     static C:\Users\Jesus\Documents\tareas\microcontroladores\contador\PRUEBA.asm
                    PAUSA   0x0000cb    program     static C:\Users\Jesus\Documents\tareas\microcontroladores\contador\PRUEBA.asm
             _.org_0_00D0   0x0000d0    program     static C:\Users\Jesus\Documents\tareas\microcontroladores\contador\PRUEBA.asm
                  MOSTRAR   0x0000d4    program     static C:\Users\Jesus\Documents\tareas\microcontroladores\contador\PRUEBA.asm
                  ASC_DES   0x0000f9    program     static C:\Users\Jesus\Documents\tareas\microcontroladores\contador\PRUEBA.asm
             _.org_0_00FF   0x0000ff    program     static C:\Users\Jesus\Documents\tareas\microcontroladores\contador\PRUEBA.asm
                  BOTONES   0x000102    program     static C:\Users\Jesus\Documents\tareas\microcontroladores\contador\PRUEBA.asm
             _.org_0_010E   0x00010e    program     static C:\Users\Jesus\Documents\tareas\microcontroladores\contador\PRUEBA.asm
                   REBOTE   0x000111    program     static C:\Users\Jesus\Documents\tareas\microcontroladores\contador\PRUEBA.asm
                    _20E6   0x000117    program     static C:\Users\Jesus\Documents\tareas\microcontroladores\contador\PRUEBA.asm


